<html>
<body>
<pre>
<h1>µVision Build Log</h1>
<h2>Tool Versions:</h2>
IDE-Version: ¦ÌVision V5.24.2.0
Copyright (C) 2017 ARM Ltd and ARM Germany GmbH. All rights reserved.
License Information: 1 zbz, 11, LIC=QF82M-X3N36-12CLE-5HEW8-0IQFS-6C5YS
 
Tool Versions:
Toolchain:       MDK-ARM Plus  Version: 5.24.1
Toolchain Path:  D:\MDK5\ARM\ARMCC\Bin
C Compiler:      Armcc.exe V5.06 update 5 (build 528)
Assembler:       Armasm.exe V5.06 update 5 (build 528)
Linker/Locator:  ArmLink.exe V5.06 update 5 (build 528)
Library Manager: ArmAr.exe V5.06 update 5 (build 528)
Hex Converter:   FromElf.exe V5.06 update 5 (build 528)
CPU DLL:         SARMCM3.DLL V5.24.1
Dialog DLL:      DCM.DLL V1.16.0.0
Target DLL:      STLink\ST-LINKIII-KEIL_SWO.dll V3.0.1.0
Dialog DLL:      TCM.DLL V1.32.0.0
 
<h2>Project:</h2>
D:\STM\projs\UCOS-ii-systemview-zitai\UCOS-ii-test\ucosii.uvprojx
Project File Date:  06/30/2023

<h2>Output:</h2>
*** Using Compiler 'V5.06 update 5 (build 528)', folder: 'D:\MDK5\ARM\ARMCC\Bin'
Rebuild target 'Target 1'
assembling os_cpu_a.asm...
compiling app_hooks.c...
compiling os_mbox.c...
compiling os_flag.c...
compiling os_core.c...
compiling os_mem.c...
compiling os_dbg_r.c...
compiling os_cpu_c.c...
compiling os_sem.c...
compiling os_mutex.c...
compiling os_time.c...
compiling os_task.c...
compiling HM-10.c...
compiling os_q.c...
compiling os_tmr.c...
compiling i2c.c...
compiling Nvic.c...
compiling OLED.c...
compiling LED.c...
compiling oled2.c...
compiling MPU6050.c...
compiling SEGGER_RTT.c...
compiling PWM.c...
compiling PWMIN.c...
compiling USART.c...
Tools\USART.c(33): warning:  #61-D: integer operation result is out of range
  	
PIOB->AFR[0]&=~(0xF<<4*
X);
Tools\USART.c: 1 warning, 0 errors
assembling startup_stm32f401xe.s...
compiling systick.c...
compiling SEGGER_SYSVIEW.c...
compiling main.c...
compiling SEGGER_SYSVIEW_Config_uCOSII.c...
compiling system_stm32f4xx.c...
compiling SEGGER_SYSVIEW_uCOSII.c...
linking...
Program Size: Code=31766 RO-data=1550 RW-data=556 ZI-data=25524  
".\Objects\ucosii.axf" - 0 Error(s), 1 Warning(s).

<h2>Software Packages used:</h2>

Package Vendor: ARM
                http://www.keil.com/pack/ARM.CMSIS.5.0.1.pack
                ARM.CMSIS.5.0.1
                CMSIS (Cortex Microcontroller Software Interface Standard)
   * Component: CORE Version: 5.0.1

Package Vendor: Keil
                http://www.keil.com/pack/Keil.STM32F4xx_DFP.2.12.0.pack
                Keil.STM32F4xx_DFP.2.12.0
                STMicroelectronics STM32F4 Series Device Support, Drivers and Examples
   * Component: Startup Version: 2.6.2

<h2>Collection of Component include folders:</h2>
  .\RTE\_Target_1
  D:\MDK5\ARM\PACK\ARM\CMSIS\5.0.1\CMSIS\Include
  D:\MDK5\ARM\PACK\Keil\STM32F4xx_DFP\2.12.0\Drivers\CMSIS\Device\ST\STM32F4xx\Include

<h2>Collection of Component Files used:</h2>

   * Component: Keil::Device:Startup:2.6.2
      Source file:   MDK\Device\Source\ARM\STM32F401xx_OPT.s
      Source file:   Drivers\CMSIS\Device\ST\STM32F4xx\Source\Templates\arm\startup_stm32f401xe.s
      Include file:  Drivers\CMSIS\Device\ST\STM32F4xx\Include\stm32f4xx.h
      Source file:   MDK\Device\Source\ARM\STM32F4xx_OTP.s
      Source file:   Drivers\CMSIS\Device\ST\STM32F4xx\Source\Templates\system_stm32f4xx.c

   * Component: ARM::CMSIS:CORE:5.0.1
Build Time Elapsed:  00:00:07
</pre>
</body>
</html>
