Component: ARM Compiler 5.06 update 5 (build 528) Tool: armlink [4d35e2]

==============================================================================

Section Cross References

    os_cpu_a.o(.text) refers to os_core.o(.data) for OSRunning
    os_cpu_a.o(.text) refers to os_cpu_c.o(i.OSTaskSwHook) for OSTaskSwHook
    os_cpu_a.o(.text) refers to segger_sysview_ucosii.o(i.SYSVIEW_TaskSwitchedIn) for SYSVIEW_TaskSwitchedIn
    os_cpu_c.o(i.OSTaskReturnHook) refers to segger_sysview_ucosii.o(i.SYSVIEW_TaskSwitchedIn) for SYSVIEW_TaskSwitchedIn
    os_cpu_c.o(i.OSTaskStkInit) refers to os_task.o(i.OS_TaskReturn) for OS_TaskReturn
    os_core.o(i.OSEventNameGet) refers to os_cpu_a.o(.text) for OS_CPU_SR_Save
    os_core.o(i.OSEventNameGet) refers to os_core.o(i.OS_StrLen) for OS_StrLen
    os_core.o(i.OSEventNameGet) refers to os_core.o(.data) for OSIntNesting
    os_core.o(i.OSEventNameSet) refers to os_cpu_a.o(.text) for OS_CPU_SR_Save
    os_core.o(i.OSEventNameSet) refers to segger_sysview_ucosii.o(i.SYSVIEW_UpdateResource) for SYSVIEW_UpdateResource
    os_core.o(i.OSEventNameSet) refers to os_core.o(.data) for OSIntNesting
    os_core.o(i.OSEventPendMulti) refers to os_cpu_a.o(.text) for OS_CPU_SR_Save
    os_core.o(i.OSEventPendMulti) refers to os_core.o(i.OS_EventTaskWaitMulti) for OS_EventTaskWaitMulti
    os_core.o(i.OSEventPendMulti) refers to os_core.o(i.OS_Sched) for OS_Sched
    os_core.o(i.OSEventPendMulti) refers to os_core.o(i.OS_EventTaskRemoveMulti) for OS_EventTaskRemoveMulti
    os_core.o(i.OSEventPendMulti) refers to os_core.o(.data) for OSIntNesting
    os_core.o(i.OSInit) refers to os_cpu_c.o(i.OSInitHookBegin) for OSInitHookBegin
    os_core.o(i.OSInit) refers to os_core.o(i.OS_InitMisc) for OS_InitMisc
    os_core.o(i.OSInit) refers to os_core.o(i.OS_InitRdyList) for OS_InitRdyList
    os_core.o(i.OSInit) refers to os_core.o(i.OS_InitTCBList) for OS_InitTCBList
    os_core.o(i.OSInit) refers to os_core.o(i.OS_InitEventList) for OS_InitEventList
    os_core.o(i.OSInit) refers to os_flag.o(i.OS_FlagInit) for OS_FlagInit
    os_core.o(i.OSInit) refers to os_mem.o(i.OS_MemInit) for OS_MemInit
    os_core.o(i.OSInit) refers to os_q.o(i.OS_QInit) for OS_QInit
    os_core.o(i.OSInit) refers to os_core.o(i.OS_InitTaskIdle) for OS_InitTaskIdle
    os_core.o(i.OSInit) refers to os_core.o(i.OS_InitTaskStat) for OS_InitTaskStat
    os_core.o(i.OSInit) refers to os_tmr.o(i.OSTmr_Init) for OSTmr_Init
    os_core.o(i.OSInit) refers to os_cpu_c.o(i.OSInitHookEnd) for OSInitHookEnd
    os_core.o(i.OSInit) refers to os_dbg_r.o(i.OSDebugInit) for OSDebugInit
    os_core.o(i.OSIntEnter) refers to segger_sysview.o(i.SEGGER_SYSVIEW_RecordEnterISR) for SEGGER_SYSVIEW_RecordEnterISR
    os_core.o(i.OSIntEnter) refers to os_core.o(.data) for OSRunning
    os_core.o(i.OSIntExit) refers to os_cpu_a.o(.text) for OS_CPU_SR_Save
    os_core.o(i.OSIntExit) refers to os_core.o(i.OS_SchedNew) for OS_SchedNew
    os_core.o(i.OSIntExit) refers to segger_sysview.o(i.SEGGER_SYSVIEW_RecordExitISRToScheduler) for SEGGER_SYSVIEW_RecordExitISRToScheduler
    os_core.o(i.OSIntExit) refers to segger_sysview.o(i.SEGGER_SYSVIEW_RecordExitISR) for SEGGER_SYSVIEW_RecordExitISR
    os_core.o(i.OSIntExit) refers to os_core.o(.data) for OSRunning
    os_core.o(i.OSIntExit) refers to os_core.o(.bss) for OSTCBPrioTbl
    os_core.o(i.OSSchedLock) refers to os_cpu_a.o(.text) for OS_CPU_SR_Save
    os_core.o(i.OSSchedLock) refers to os_core.o(.data) for OSRunning
    os_core.o(i.OSSchedUnlock) refers to os_cpu_a.o(.text) for OS_CPU_SR_Save
    os_core.o(i.OSSchedUnlock) refers to os_core.o(i.OS_Sched) for OS_Sched
    os_core.o(i.OSSchedUnlock) refers to os_core.o(.data) for OSRunning
    os_core.o(i.OSStart) refers to os_core.o(i.OS_SchedNew) for OS_SchedNew
    os_core.o(i.OSStart) refers to os_cpu_a.o(.text) for OSStartHighRdy
    os_core.o(i.OSStart) refers to os_core.o(.data) for OSRunning
    os_core.o(i.OSStart) refers to os_core.o(.bss) for OSTCBPrioTbl
    os_core.o(i.OSStatInit) refers to os_time.o(i.OSTimeDly) for OSTimeDly
    os_core.o(i.OSStatInit) refers to os_cpu_a.o(.text) for OS_CPU_SR_Save
    os_core.o(i.OSStatInit) refers to os_core.o(.data) for OSIdleCtr
    os_core.o(i.OSTimeTick) refers to os_cpu_c.o(i.OSTimeTickHook) for OSTimeTickHook
    os_core.o(i.OSTimeTick) refers to os_cpu_a.o(.text) for OS_CPU_SR_Save
    os_core.o(i.OSTimeTick) refers to segger_sysview.o(i.SEGGER_SYSVIEW_RecordU32) for SEGGER_SYSVIEW_RecordU32
    os_core.o(i.OSTimeTick) refers to segger_sysview_ucosii.o(i.SYSVIEW_TaskReady) for SYSVIEW_TaskReady
    os_core.o(i.OSTimeTick) refers to os_core.o(.data) for OSTime
    os_core.o(i.OS_EventTaskRdy) refers to segger_sysview_ucosii.o(i.SYSVIEW_TaskReady) for SYSVIEW_TaskReady
    os_core.o(i.OS_EventTaskRdy) refers to os_core.o(i.OS_EventTaskRemove) for OS_EventTaskRemove
    os_core.o(i.OS_EventTaskRdy) refers to os_core.o(i.OS_EventTaskRemoveMulti) for OS_EventTaskRemoveMulti
[...]
    __rt_lib_init_fp_1                       0x0800024b   Thumb Code     0  libinit2.o(.ARM.Collect$$libinit$$00000001)
    __rt_lib_init_heap_2                     0x0800024f   Thumb Code     0  libinit2.o(.ARM.Collect$$libinit$$00000005)
    __rt_lib_init_preinit_1                  0x0800024f   Thumb Code     0  libinit2.o(.ARM.Collect$$libinit$$00000004)
    __rt_lib_init_alloca_1                   0x08000257   Thumb Code     0  libinit2.o(.ARM.Collect$$libinit$$0000002E)
    __rt_lib_init_argv_1                     0x08000257   Thumb Code     0  libinit2.o(.ARM.Collect$$libinit$$0000002C)
    __rt_lib_init_atexit_1                   0x08000257   Thumb Code     0  libinit2.o(.ARM.Collect$$libinit$$0000001B)
    __rt_lib_init_clock_1                    0x08000257   Thumb Code     0  libinit2.o(.ARM.Collect$$libinit$$00000021)
    __rt_lib_init_cpp_1                      0x08000257   Thumb Code     0  libinit2.o(.ARM.Collect$$libinit$$00000032)
    __rt_lib_init_exceptions_1               0x08000257   Thumb Code     0  libinit2.o(.ARM.Collect$$libinit$$00000030)
    __rt_lib_init_fp_trap_1                  0x08000257   Thumb Code     0  libinit2.o(.ARM.Collect$$libinit$$0000001F)
    __rt_lib_init_getenv_1                   0x08000257   Thumb Code     0  libinit2.o(.ARM.Collect$$libinit$$00000023)
    __rt_lib_init_heap_1                     0x08000257   Thumb Code     0  libinit2.o(.ARM.Collect$$libinit$$0000000A)
    __rt_lib_init_lc_collate_1               0x08000257   Thumb Code     0  libinit2.o(.ARM.Collect$$libinit$$00000011)
    __rt_lib_init_lc_ctype_1                 0x08000257   Thumb Code     0  libinit2.o(.ARM.Collect$$libinit$$00000013)
    __rt_lib_init_lc_monetary_1              0x08000257   Thumb Code     0  libinit2.o(.ARM.Collect$$libinit$$00000015)
    __rt_lib_init_lc_numeric_1               0x08000257   Thumb Code     0  libinit2.o(.ARM.Collect$$libinit$$00000017)
    __rt_lib_init_lc_time_1                  0x08000257   Thumb Code     0  libinit2.o(.ARM.Collect$$libinit$$00000019)
    __rt_lib_init_rand_1                     0x08000257   Thumb Code     0  libinit2.o(.ARM.Collect$$libinit$$0000000E)
    __rt_lib_init_return                     0x08000257   Thumb Code     0  libinit2.o(.ARM.Collect$$libinit$$00000033)
    __rt_lib_init_signal_1                   0x08000257   Thumb Code     0  libinit2.o(.ARM.Collect$$libinit$$0000001D)
    __rt_lib_init_stdio_1                    0x08000257   Thumb Code     0  libinit2.o(.ARM.Collect$$libinit$$00000025)
    __rt_lib_init_user_alloc_1               0x08000257   Thumb Code     0  libinit2.o(.ARM.Collect$$libinit$$0000000C)
    __rt_lib_shutdown                        0x08000259   Thumb Code     0  libshutdown.o(.ARM.Collect$$libshutdown$$00000000)
    __rt_lib_shutdown_cpp_1                  0x0800025b   Thumb Code     0  libshutdown2.o(.ARM.Collect$$libshutdown$$00000002)
    __rt_lib_shutdown_fp_trap_1              0x0800025b   Thumb Code     0  libshutdown2.o(.ARM.Collect$$libshutdown$$00000007)
    __rt_lib_shutdown_heap_1                 0x0800025b   Thumb Code     0  libshutdown2.o(.ARM.Collect$$libshutdown$$0000000F)
    __rt_lib_shutdown_return                 0x0800025b   Thumb Code     0  libshutdown2.o(.ARM.Collect$$libshutdown$$00000010)
    __rt_lib_shutdown_signal_1               0x0800025b   Thumb Code     0  libshutdown2.o(.ARM.Collect$$libshutdown$$0000000A)
    __rt_lib_shutdown_stdio_1                0x0800025b   Thumb Code     0  libshutdown2.o(.ARM.Collect$$libshutdown$$00000004)
    __rt_lib_shutdown_user_alloc_1           0x0800025b   Thumb Code     0  libshutdown2.o(.ARM.Collect$$libshutdown$$0000000C)
    __rt_entry                               0x0800025d   Thumb Code     0  __rtentry.o(.ARM.Collect$$rtentry$$00000000)
    __rt_entry_presh_1                       0x0800025d   Thumb Code     0  __rtentry2.o(.ARM.Collect$$rtentry$$00000002)
    __rt_entry_sh                            0x0800025d   Thumb Code     0  __rtentry4.o(.ARM.Collect$$rtentry$$00000004)
    __rt_entry_li                            0x08000263   Thumb Code     0  __rtentry2.o(.ARM.Collect$$rtentry$$0000000A)
    __rt_entry_postsh_1                      0x08000263   Thumb Code     0  __rtentry2.o(.ARM.Collect$$rtentry$$00000009)
    __rt_entry_main                          0x08000267   Thumb Code     0  __rtentry2.o(.ARM.Collect$$rtentry$$0000000D)
    __rt_entry_postli_1                      0x08000267   Thumb Code     0  __rtentry2.o(.ARM.Collect$$rtentry$$0000000C)
    __rt_exit                                0x0800026f   Thumb Code     0  rtexit.o(.ARM.Collect$$rtexit$$00000000)
    __rt_exit_ls                             0x08000271   Thumb Code     0  rtexit2.o(.ARM.Collect$$rtexit$$00000003)
    __rt_exit_prels_1                        0x08000271   Thumb Code     0  rtexit2.o(.ARM.Collect$$rtexit$$00000002)
    __rt_exit_exit                           0x08000275   Thumb Code     0  rtexit2.o(.ARM.Collect$$rtexit$$00000004)
    OS_CPU_SR_Save                           0x0800027d   Thumb Code     0  os_cpu_a.o(.text)
    _maybe_terminate_alloc                   0x0800027d   Thumb Code     0  maybetermalloc1.o(.emb_text)
    OS_CPU_SR_Restore                        0x08000285   Thumb Code     0  os_cpu_a.o(.text)
    OSStartHighRdy                           0x0800028b   Thumb Code     0  os_cpu_a.o(.text)
    OSCtxSw                                  0x080002ab   Thumb Code     0  os_cpu_a.o(.text)
    OSIntCtxSw                               0x080002b5   Thumb Code     0  os_cpu_a.o(.text)
    PendSV_Handler                           0x080002bf   Thumb Code     0  os_cpu_a.o(.text)
    Reset_Handler                            0x08000331   Thumb Code     8  startup_stm32f401xe.o(.text)
    NMI_Handler                              0x08000339   Thumb Code     2  startup_stm32f401xe.o(.text)
    HardFault_Handler                        0x0800033b   Thumb Code     2  startup_stm32f401xe.o(.text)
    MemManage_Handler                        0x0800033d   Thumb Code     2  startup_stm32f401xe.o(.text)
    BusFault_Handler                         0x0800033f   Thumb Code     2  startup_stm32f401xe.o(.text)
    UsageFault_Handler                       0x08000341   Thumb Code     2  startup_stm32f401xe.o(.text)
    SVC_Handler                              0x08000343   Thumb Code     2  startup_stm32f401xe.o(.text)
    DebugMon_Handler                         0x08000345   Thumb Code     2  startup_stm32f401xe.o(.text)
    ADC_IRQHandler                           0x0800034b   Thumb Code     0  startup_stm32f401xe.o(.text)
    DMA1_Stream0_IRQHandler                  0x0800034b   Thumb Code     0  startup_stm32f401xe.o(.text)
    DMA1_Stream1_IRQHandler                  0x0800034b   Thumb Code     0  startup_stm32f401xe.o(.text)
    DMA1_Stream2_IRQHandler                  0x0800034b   Thumb Code     0  startup_stm32f401xe.o(.text)
    DMA1_Stream3_IRQHandler                  0x0800034b   Thumb Code     0  startup_stm32f401xe.o(.text)
    DMA1_Stream4_IRQHandler                  0x0800034b   Thumb Code     0  startup_stm32f401xe.o(.text)
    DMA1_Stream5_IRQHandler                  0x0800034b   Thumb Code     0  startup_stm32f401xe.o(.text)
    DMA1_Stream6_IRQHandler                  0x0800034b   Thumb Code     0  startup_stm32f401xe.o(.text)
    DMA1_Stream7_IRQHandler                  0x0800034b   Thumb Code     0  startup_stm32f401xe.o(.text)
    DMA2_Stream0_IRQHandler                  0x0800034b   Thumb Code     0  startup_stm32f401xe.o(.text)
    DMA2_Stream1_IRQHandler                  0x0800034b   Thumb Code     0  startup_stm32f401xe.o(.text)
    DMA2_Stream2_IRQHandler                  0x0800034b   Thumb Code     0  startup_stm32f401xe.o(.text)
    DMA2_Stream3_IRQHandler                  0x0800034b   Thumb Code     0  startup_stm32f401xe.o(.text)
    DMA2_Stream4_IRQHandler                  0x0800034b   Thumb Code     0  startup_stm32f401xe.o(.text)
    DMA2_Stream5_IRQHandler                  0x0800034b   Thumb Code     0  startup_stm32f401xe.o(.text)
    DMA2_Stream6_IRQHandler                  0x0800034b   Thumb Code     0  startup_stm32f401xe.o(.text)
    DMA2_Stream7_IRQHandler                  0x0800034b   Thumb Code     0  startup_stm32f401xe.o(.text)
    EXTI0_IRQHandler                         0x0800034b   Thumb Code     0  startup_stm32f401xe.o(.text)
    EXTI15_10_IRQHandler                     0x0800034b   Thumb Code     0  startup_stm32f401xe.o(.text)
    EXTI1_IRQHandler                         0x0800034b   Thumb Code     0  startup_stm32f401xe.o(.text)
    EXTI2_IRQHandler                         0x0800034b   Thumb Code     0  startup_stm32f401xe.o(.text)
    EXTI3_IRQHandler                         0x0800034b   Thumb Code     0  startup_stm32f401xe.o(.text)
    EXTI4_IRQHandler                         0x0800034b   Thumb Code     0  startup_stm32f401xe.o(.text)
    EXTI9_5_IRQHandler                       0x0800034b   Thumb Code     0  startup_stm32f401xe.o(.text)
    FLASH_IRQHandler                         0x0800034b   Thumb Code     0  startup_stm32f401xe.o(.text)
    FPU_IRQHandler                           0x0800034b   Thumb Code     0  startup_stm32f401xe.o(.text)
    I2C1_ER_IRQHandler                       0x0800034b   Thumb Code     0  startup_stm32f401xe.o(.text)
    I2C1_EV_IRQHandler                       0x0800034b   Thumb Code     0  startup_stm32f401xe.o(.text)
    I2C2_ER_IRQHandler                       0x0800034b   Thumb Code     0  startup_stm32f401xe.o(.text)
    I2C2_EV_IRQHandler                       0x0800034b   Thumb Code     0  startup_stm32f401xe.o(.text)
    I2C3_ER_IRQHandler                       0x0800034b   Thumb Code     0  startup_stm32f401xe.o(.text)
    I2C3_EV_IRQHandler                       0x0800034b   Thumb Code     0  startup_stm32f401xe.o(.text)
    OTG_FS_IRQHandler                        0x0800034b   Thumb Code     0  startup_stm32f401xe.o(.text)
    OTG_FS_WKUP_IRQHandler                   0x0800034b   Thumb Code     0  startup_stm32f401xe.o(.text)
    PVD_IRQHandler                           0x0800034b   Thumb Code     0  startup_stm32f401xe.o(.text)
    RCC_IRQHandler                           0x0800034b   Thumb Code     0  startup_stm32f401xe.o(.text)
    RTC_Alarm_IRQHandler                     0x0800034b   Thumb Code     0  startup_stm32f401xe.o(.text)
    RTC_WKUP_IRQHandler                      0x0800034b   Thumb Code     0  startup_stm32f401xe.o(.text)
    SDIO_IRQHandler                          0x0800034b   Thumb Code     0  startup_stm32f401xe.o(.text)
    SPI1_IRQHandler                          0x0800034b   Thumb Code     0  startup_stm32f401xe.o(.text)
    SPI2_IRQHandler                          0x0800034b   Thumb Code     0  startup_stm32f401xe.o(.text)
    SPI3_IRQHandler                          0x0800034b   Thumb Code     0  startup_stm32f401xe.o(.text)
    SPI4_IRQHandler                          0x0800034b   Thumb Code     0  startup_stm32f401xe.o(.text)
    TAMP_STAMP_IRQHandler                    0x0800034b   Thumb Code     0  startup_stm32f401xe.o(.text)
    TIM1_BRK_TIM9_IRQHandler                 0x0800034b   Thumb Code     0  startup_stm32f401xe.o(.text)
    TIM1_TRG_COM_TIM11_IRQHandler            0x0800034b   Thumb Code     0  startup_stm32f401xe.o(.text)
    TIM1_UP_TIM10_IRQHandler                 0x0800034b   Thumb Code     0  startup_stm32f401xe.o(.text)
    TIM2_IRQHandler                          0x0800034b   Thumb Code     0  startup_stm32f401xe.o(.text)
    TIM3_IRQHandler                          0x0800034b   Thumb Code     0  startup_stm32f401xe.o(.text)
    TIM4_IRQHandler                          0x0800034b   Thumb Code     0  startup_stm32f401xe.o(.text)
    TIM5_IRQHandler                          0x0800034b   Thumb Code     0  startup_stm32f401xe.o(.text)
    USART1_IRQHandler                        0x0800034b   Thumb Code     0  startup_stm32f401xe.o(.text)
    USART2_IRQHandler                        0x0800034b   Thumb Code     0  startup_stm32f401xe.o(.text)
    USART6_IRQHandler                        0x0800034b   Thumb Code     0  startup_stm32f401xe.o(.text)
    WWDG_IRQHandler                          0x0800034b   Thumb Code     0  startup_stm32f401xe.o(.text)
    __user_initial_stackheap                 0x0800034d   Thumb Code     0  startup_stm32f401xe.o(.text)
    malloc                                   0x08000371   Thumb Code    94  h1_alloc.o(.text)
    __aeabi_memcpy                           0x080003cf   Thumb Code     0  rt_memcpy_v6.o(.text)
    __rt_memcpy                              0x080003cf   Thumb Code   138  rt_memcpy_v6.o(.text)
    _memcpy_lastbytes                        0x08000435   Thumb Code     0  rt_memcpy_v6.o(.text)
    __aeabi_memclr4                          0x08000459   Thumb Code     0  rt_memclr_w.o(.text)
    __aeabi_memclr8                          0x08000459   Thumb Code     0  rt_memclr_w.o(.text)
    __rt_memclr_w                            0x08000459   Thumb Code    78  rt_memclr_w.o(.text)
    _memset_w                                0x0800045d   Thumb Code     0  rt_memclr_w.o(.text)
    __use_two_region_memory                  0x080004a7   Thumb Code     2  heapauxi.o(.text)
    __rt_heap_escrow                         0x080004a9   Thumb Code     2  heapauxi.o(.text)
    __rt_heap_expand                         0x080004ab   Thumb Code     2  heapauxi.o(.text)
    __rt_heap_descriptor                     0x080004ad   Thumb Code     8  rt_heap_descriptor_intlibspace.o(.text)
    __use_no_heap                            0x080004b5   Thumb Code     2  hguard.o(.text)
    __heap$guard                             0x080004b7   Thumb Code     2  hguard.o(.text)
    _terminate_user_alloc                    0x080004b9   Thumb Code     2  init_alloc.o(.text)
    _init_user_alloc                         0x080004bb   Thumb Code     2  init_alloc.o(.text)
    __Heap_Full                              0x080004bd   Thumb Code    34  init_alloc.o(.text)
    __Heap_Broken                            0x080004df   Thumb Code     6  init_alloc.o(.text)
    _init_alloc                              0x080004e5   Thumb Code    94  init_alloc.o(.text)
    __Heap_Initialize                        0x08000543   Thumb Code    10  h1_init.o(.text)
    __Heap_DescSize                          0x0800054d   Thumb Code     4  h1_init.o(.text)
    free                                     0x08000551   Thumb Code    78  h1_free.o(.text)
    __read_errno                             0x0800059f   Thumb Code    10  _rserrno.o(.text)
    __set_errno                              0x080005a9   Thumb Code    12  _rserrno.o(.text)
    __aeabi_memcpy4                          0x080005b5   Thumb Code     0  rt_memcpy_w.o(.text)
    __aeabi_memcpy8                          0x080005b5   Thumb Code     0  rt_memcpy_w.o(.text)
    __rt_memcpy_w                            0x080005b5   Thumb Code   100  rt_memcpy_w.o(.text)
    _memcpy_lastbytes_aligned                0x080005fd   Thumb Code     0  rt_memcpy_w.o(.text)
    __user_libspace                          0x08000619   Thumb Code     8  libspace.o(.text)
    __user_perproc_libspace                  0x08000619   Thumb Code     0  libspace.o(.text)
    __user_perthread_libspace                0x08000619   Thumb Code     0  libspace.o(.text)
    __aeabi_errno_addr                       0x08000621   Thumb Code     8  rt_errno_addr_intlibspace.o(.text)
    __errno$intlibspace                      0x08000621   Thumb Code     0  rt_errno_addr_intlibspace.o(.text)
    __rt_errno_addr$intlibspace              0x08000621   Thumb Code     0  rt_errno_addr_intlibspace.o(.text)
    __Heap_ProvideMemory                     0x08000629   Thumb Code    52  h1_extend.o(.text)
    __rt_SIGRTMEM                            0x0800065d   Thumb Code    14  defsig_rtmem_outer.o(.text)
    __I$use$semihosting                      0x0800066b   Thumb Code     0  use_no_semi.o(.text)
    __use_no_semihosting_swi                 0x0800066b   Thumb Code     2  use_no_semi.o(.text)
    __semihosting_library_function           0x0800066d   Thumb Code     0  indicate_semi.o(.text)
    __user_setup_stackheap                   0x0800066d   Thumb Code    74  sys_stackheap_outer.o(.text)
    exit                                     0x080006b7   Thumb Code    18  exit.o(.text)
    __sig_exit                               0x080006c9   Thumb Code    10  defsig_exit.o(.text)
    __rt_SIGRTMEM_inner                      0x080006d5   Thumb Code    22  defsig_rtmem_inner.o(.text)
    _sys_exit                                0x08000725   Thumb Code     8  sys_exit.o(.text)
    __default_signal_display                 0x08000731   Thumb Code    50  defsig_general.o(.text)
    _ttywrch                                 0x08000763   Thumb Code    14  sys_wrch.o(.text)
    HMC5883L_Init                            0x08000771   Thumb Code    44  mpu6050.o(i.HMC5883L_Init)
    HMC5883_Get_Angle                        0x0800079d   Thumb Code   272  mpu6050.o(i.HMC5883_Get_Angle)
    I2C_Configuration                        0x080008c1   Thumb Code   274  i2c.o(i.I2C_Configuration)
    I2C_Read_Byte                            0x080009e1   Thumb Code   170  i2c.o(i.I2C_Read_Byte)
    I2C_Sand_Byte                            0x08000a91   Thumb Code   108  i2c.o(i.I2C_Sand_Byte)
    MPU_Init2                                0x08000b01   Thumb Code    54  mpu6050.o(i.MPU_Init2)
    MPU_dataout                              0x08000b37   Thumb Code    36  mpu6050.o(i.MPU_dataout)
    MY_CHECK                                 0x08000b5d   Thumb Code    56  i2c.o(i.MY_CHECK)
    OSDebugInit                              0x08000b99   Thumb Code   118  os_dbg_r.o(i.OSDebugInit)
    OSEventNameSet                           0x08000cf5   Thumb Code   112  os_core.o(i.OSEventNameSet)
    OSInit                                   0x08000d69   Thumb Code    56  os_core.o(i.OSInit)
    OSInitHookBegin                          0x08000da1   Thumb Code     2  os_cpu_c.o(i.OSInitHookBegin)
    OSInitHookEnd                            0x08000da3   Thumb Code     2  os_cpu_c.o(i.OSInitHookEnd)
    OSIntEnter                               0x08000da5   Thumb Code    34  os_core.o(i.OSIntEnter)
    OSIntExit                                0x08000dd1   Thumb Code   134  os_core.o(i.OSIntExit)
    OSSchedLock                              0x08000e79   Thumb Code    50  os_core.o(i.OSSchedLock)
    OSSchedUnlock                            0x08000eb9   Thumb Code    82  os_core.o(i.OSSchedUnlock)
    OSSemCreate                              0x08000f19   Thumb Code    82  os_sem.o(i.OSSemCreate)
    OSSemPend                                0x08000f79   Thumb Code   300  os_sem.o(i.OSSemPend)
    OSStart                                  0x080010b1   Thumb Code    48  os_core.o(i.OSStart)
    OSTCBInitHook                            0x080010f9   Thumb Code     2  os_cpu_c.o(i.OSTCBInitHook)
    OSTaskCreate                             0x080010fd   Thumb Code   234  os_task.o(i.OSTaskCreate)
    OSTaskCreateExt                          0x080011f5   Thumb Code   254  os_task.o(i.OSTaskCreateExt)
    OSTaskCreateHook                         0x08001301   Thumb Code     2  os_cpu_c.o(i.OSTaskCreateHook)
    OSTaskDel                                0x08001305   Thumb Code   326  os_task.o(i.OSTaskDel)
    OSTaskDelHook                            0x08001479   Thumb Code     2  os_cpu_c.o(i.OSTaskDelHook)
    OSTaskIdleHook                           0x0800147b   Thumb Code     2  os_cpu_c.o(i.OSTaskIdleHook)
    OSTaskNameSet                            0x0800147d   Thumb Code   140  os_task.o(i.OSTaskNameSet)
    OSTaskReturnHook                         0x08001515   Thumb Code    12  os_cpu_c.o(i.OSTaskReturnHook)
    OSTaskStatHook                           0x08001521   Thumb Code     2  os_cpu_c.o(i.OSTaskStatHook)
    OSTaskStkChk                             0x08001525   Thumb Code   146  os_task.o(i.OSTaskStkChk)
    OSTaskStkInit                            0x080015c1   Thumb Code   152  os_cpu_c.o(i.OSTaskStkInit)
    OSTaskSuspend                            0x0800165d   Thumb Code   178  os_task.o(i.OSTaskSuspend)
    OSTaskSwHook                             0x08001721   Thumb Code     2  os_cpu_c.o(i.OSTaskSwHook)
    OSTimeDly                                0x08001725   Thumb Code   108  os_time.o(i.OSTimeDly)
    OSTimeTick                               0x080017a5   Thumb Code   226  os_core.o(i.OSTimeTick)
    OSTimeTickHook                           0x080018a1   Thumb Code     2  os_cpu_c.o(i.OSTimeTickHook)
    OSTmr_Init                               0x080018a5   Thumb Code   168  os_tmr.o(i.OSTmr_Init)
    OS_Dummy                                 0x08001b39   Thumb Code     2  os_core.o(i.OS_Dummy)
    OS_EventTaskRemove                       0x08001b3b   Thumb Code    46  os_core.o(i.OS_EventTaskRemove)
    OS_EventTaskRemoveMulti                  0x08001b69   Thumb Code    58  os_core.o(i.OS_EventTaskRemoveMulti)
    OS_EventTaskWait                         0x08001ba5   Thumb Code   122  os_core.o(i.OS_EventTaskWait)
    OS_EventWaitListInit                     0x08001c2d   Thumb Code    28  os_core.o(i.OS_EventWaitListInit)
    OS_FlagInit                              0x08001c49   Thumb Code    74  os_flag.o(i.OS_FlagInit)
    OS_FlagUnlink                            0x08001ca1   Thumb Code    36  os_flag.o(i.OS_FlagUnlink)
    OS_MemClr                                0x08001ee5   Thumb Code    18  os_core.o(i.OS_MemClr)
    OS_MemInit                               0x08001ef9   Thumb Code    74  os_mem.o(i.OS_MemInit)
    OS_QInit                                 0x08001f51   Thumb Code    72  os_q.o(i.OS_QInit)
    OS_Sched                                 0x08001fa1   Thumb Code    86  os_core.o(i.OS_Sched)
    OS_TCBInit                               0x08002041   Thumb Code   304  os_core.o(i.OS_TCBInit)
    OS_TaskIdle                              0x0800218d   Thumb Code    32  os_core.o(i.OS_TaskIdle)
    OS_TaskReturn                            0x080021b1   Thumb Code    18  os_task.o(i.OS_TaskReturn)
    OS_TaskStat                              0x080021c9   Thumb Code   188  os_core.o(i.OS_TaskStat)
    OS_TaskStatStkChk                        0x08002299   Thumb Code    54  os_core.o(i.OS_TaskStatStkChk)
    OS_TaskStkClr                            0x080022d5   Thumb Code    26  os_task.o(i.OS_TaskStkClr)
    PWMIN_Init                               0x080022f1   Thumb Code   162  pwmin.o(i.PWMIN_Init)
    PWM_Init                                 0x080023a9   Thumb Code   200  pwm.o(i.PWM_Init)
    SEGGER_RTT_ReadNoLock                    0x0800247d   Thumb Code   164  segger_rtt.o(i.SEGGER_RTT_ReadNoLock)
    SEGGER_RTT_WriteSkipNoLock               0x08002525   Thumb Code   154  segger_rtt.o(i.SEGGER_RTT_WriteSkipNoLock)
    SEGGER_SYSVIEW_GetSysDesc                0x080025c5   Thumb Code   180  segger_sysview.o(i.SEGGER_SYSVIEW_GetSysDesc)
    SEGGER_SYSVIEW_NameResource              0x08002681   Thumb Code   104  segger_sysview.o(i.SEGGER_SYSVIEW_NameResource)
    SEGGER_SYSVIEW_OnIdle                    0x080026f1   Thumb Code    48  segger_sysview.o(i.SEGGER_SYSVIEW_OnIdle)
    SEGGER_SYSVIEW_OnTaskCreate              0x08002725   Thumb Code    90  segger_sysview.o(i.SEGGER_SYSVIEW_OnTaskCreate)
    SEGGER_SYSVIEW_OnTaskStartExec           0x08002789   Thumb Code    90  segger_sysview.o(i.SEGGER_SYSVIEW_OnTaskStartExec)
    SEGGER_SYSVIEW_OnTaskStartReady          0x080027ed   Thumb Code    90  segger_sysview.o(i.SEGGER_SYSVIEW_OnTaskStartReady)
    SEGGER_SYSVIEW_OnTaskStopReady           0x08002851   Thumb Code   122  segger_sysview.o(i.SEGGER_SYSVIEW_OnTaskStopReady)
    SEGGER_SYSVIEW_RecordEndCallU32          0x080028d5   Thumb Code   116  segger_sysview.o(i.SEGGER_SYSVIEW_RecordEndCallU32)
    SEGGER_SYSVIEW_RecordEnterISR            0x0800294d   Thumb Code    90  segger_sysview.o(i.SEGGER_SYSVIEW_RecordEnterISR)
    SEGGER_SYSVIEW_RecordExitISR             0x080029b1   Thumb Code    48  segger_sysview.o(i.SEGGER_SYSVIEW_RecordExitISR)
    SEGGER_SYSVIEW_RecordExitISRToScheduler  0x080029e5   Thumb Code    48  segger_sysview.o(i.SEGGER_SYSVIEW_RecordExitISRToScheduler)
    SEGGER_SYSVIEW_RecordSystime             0x08002a19   Thumb Code    52  segger_sysview.o(i.SEGGER_SYSVIEW_RecordSystime)
    SEGGER_SYSVIEW_RecordU32                 0x08002a55   Thumb Code    88  segger_sysview.o(i.SEGGER_SYSVIEW_RecordU32)
    SEGGER_SYSVIEW_RecordU32x2               0x08002ab1   Thumb Code   118  segger_sysview.o(i.SEGGER_SYSVIEW_RecordU32x2)
    SEGGER_SYSVIEW_RecordVoid                0x08002b2d   Thumb Code    50  segger_sysview.o(i.SEGGER_SYSVIEW_RecordVoid)
    SEGGER_SYSVIEW_SendModule                0x08002b65   Thumb Code   172  segger_sysview.o(i.SEGGER_SYSVIEW_SendModule)
    SEGGER_SYSVIEW_SendModuleDescription     0x08002c19   Thumb Code    30  segger_sysview.o(i.SEGGER_SYSVIEW_SendModuleDescription)
    SEGGER_SYSVIEW_SendNumModules            0x08002c3d   Thumb Code    80  segger_sysview.o(i.SEGGER_SYSVIEW_SendNumModules)
    SEGGER_SYSVIEW_SendTaskInfo              0x08002c95   Thumb Code   260  segger_sysview.o(i.SEGGER_SYSVIEW_SendTaskInfo)
    SEGGER_SYSVIEW_SendTaskList              0x08002da1   Thumb Code    26  segger_sysview.o(i.SEGGER_SYSVIEW_SendTaskList)
    SEGGER_SYSVIEW_ShrinkId                  0x08002dc1   Thumb Code    10  segger_sysview.o(i.SEGGER_SYSVIEW_ShrinkId)
    SEGGER_SYSVIEW_Start                     0x08002dd1   Thumb Code   240  segger_sysview.o(i.SEGGER_SYSVIEW_Start)
    SEGGER_SYSVIEW_Stop                      0x08002ecd   Thumb Code    60  segger_sysview.o(i.SEGGER_SYSVIEW_Stop)
    SEGGER_SYSVIEW_Warn                      0x08002f11   Thumb Code   122  segger_sysview.o(i.SEGGER_SYSVIEW_Warn)
    SYSVIEW_AddTask                          0x08002f91   Thumb Code   146  segger_sysview_ucosii.o(i.SYSVIEW_AddTask)
    SYSVIEW_RecordU32Register                0x08003035   Thumb Code   112  segger_sysview_ucosii.o(i.SYSVIEW_RecordU32Register)
    SYSVIEW_SendTaskInfo                     0x080030b1   Thumb Code    50  segger_sysview_ucosii.o(i.SYSVIEW_SendTaskInfo)
    SYSVIEW_TaskReady                        0x080030e5   Thumb Code    22  segger_sysview_ucosii.o(i.SYSVIEW_TaskReady)
    SYSVIEW_TaskSuspend                      0x08003101   Thumb Code    24  segger_sysview_ucosii.o(i.SYSVIEW_TaskSuspend)
    SYSVIEW_TaskSwitchedIn                   0x0800311d   Thumb Code    28  segger_sysview_ucosii.o(i.SYSVIEW_TaskSwitchedIn)
    SYSVIEW_UpdateResource                   0x0800313d   Thumb Code    84  segger_sysview_ucosii.o(i.SYSVIEW_UpdateResource)
    SYSVIEW_UpdateTask                       0x08003199   Thumb Code   144  segger_sysview_ucosii.o(i.SYSVIEW_UpdateTask)
    SetSysClock                              0x08003235   Thumb Code   226  systick.o(i.SetSysClock)
    SysTick_Handler                          0x08003329   Thumb Code    28  systick.o(i.SysTick_Handler)
    SystemInit                               0x08003345   Thumb Code    82  system_stm32f4xx.o(i.SystemInit)
    TIM1_CC_IRQHandler                       0x080033a9   Thumb Code    86  pwmin.o(i.TIM1_CC_IRQHandler)
    USART_Init                               0x0800340d   Thumb Code   302  usart.o(i.USART_Init)
    USART_sand_byte                          0x08003549   Thumb Code    46  usart.o(i.USART_sand_byte)
    __ARM_fpclassify                         0x08003931   Thumb Code    48  fpclassify.o(i.__ARM_fpclassify)
    __hardfp_asin                            0x08003961   Thumb Code   770  asin.o(i.__hardfp_asin)
    __hardfp_atan                            0x08003cc1   Thumb Code   622  atan.o(i.__hardfp_atan)
    __hardfp_atan2                           0x08003f99   Thumb Code   432  atan2.o(i.__hardfp_atan2)
    __hardfp_cos                             0x08004189   Thumb Code   180  cos.o(i.__hardfp_cos)
    __hardfp_sin                             0x08004251   Thumb Code   180  sin.o(i.__hardfp_sin)
    __hardfp_sqrt                            0x08004319   Thumb Code   122  sqrt.o(i.__hardfp_sqrt)
    __ieee754_rem_pio2                       0x08004399   Thumb Code   938  rred.o(i.__ieee754_rem_pio2)
    __kernel_cos                             0x080047d1   Thumb Code   322  cos_i.o(i.__kernel_cos)
    __kernel_poly                            0x08004941   Thumb Code   248  poly.o(i.__kernel_poly)
    __kernel_sin                             0x08004a39   Thumb Code   280  sin_i.o(i.__kernel_sin)
    __mathlib_dbl_infnan                     0x08004b69   Thumb Code    20  dunder.o(i.__mathlib_dbl_infnan)
    __mathlib_dbl_infnan2                    0x08004b7d   Thumb Code    20  dunder.o(i.__mathlib_dbl_infnan2)
    __mathlib_dbl_invalid                    0x08004b91   Thumb Code    24  dunder.o(i.__mathlib_dbl_invalid)
    __mathlib_dbl_underflow                  0x08004bb1   Thumb Code    24  dunder.o(i.__mathlib_dbl_underflow)
    atan                                     0x08004bd1   Thumb Code    16  atan.o(i.atan)
    attitude_Solution                        0x08004be1   Thumb Code  5790  mpu6050.o(i.attitude_Solution)
    fabs                                     0x08006285   Thumb Code    24  fabs.o(i.fabs)
    gyzero_err                               0x0800629d   Thumb Code  2806  mpu6050.o(i.gyzero_err)
    led_task                                 0x08006d9d   Thumb Code    40  main.o(i.led_task)
    main                                     0x08006dc5   Thumb Code    88  main.o(i.main)
    mpu6050_task                             0x08006e2d   Thumb Code    12  main.o(i.mpu6050_task)
    myInit                                   0x08006e3d   Thumb Code   118  main.o(i.myInit)
    myLED                                    0x08006ec1   Thumb Code    76  led.o(i.myLED)
    myLEDOFF                                 0x08006f15   Thumb Code    14  led.o(i.myLEDOFF)
    newdelay1                                0x08006f29   Thumb Code   100  systick.o(i.newdelay1)
    send_feikong_data                        0x08006f99   Thumb Code   222  mpu6050.o(i.send_feikong_data)
    sqrt                                     0x08007077   Thumb Code   110  sqrt.o(i.sqrt)
    start_task                               0x080070e5   Thumb Code    48  main.o(i.start_task)
    usart1_niming_report                     0x08007125   Thumb Code   126  mpu6050.o(i.usart1_niming_report)
    usart1_report_imu                        0x080071a3   Thumb Code    96  mpu6050.o(i.usart1_report_imu)
    __aeabi_dneg                             0x08007203   Thumb Code     0  basic.o(x$fpl$basic)
    _dneg                                    0x08007203   Thumb Code     6  basic.o(x$fpl$basic)
    __aeabi_fneg                             0x08007209   Thumb Code     0  basic.o(x$fpl$basic)
    _fneg                                    0x08007209   Thumb Code     6  basic.o(x$fpl$basic)
    _dabs                                    0x0800720f   Thumb Code     6  basic.o(x$fpl$basic)
    _fabs                                    0x08007215   Thumb Code     6  basic.o(x$fpl$basic)
    __aeabi_d2f                              0x0800721d   Thumb Code     0  d2f.o(x$fpl$d2f)
    _d2f                                     0x0800721d   Thumb Code    98  d2f.o(x$fpl$d2f)
    __aeabi_dadd                             0x08007281   Thumb Code     0  daddsub_clz.o(x$fpl$dadd)
    _dadd                                    0x08007281   Thumb Code   332  daddsub_clz.o(x$fpl$dadd)
    __aeabi_ddiv                             0x080073d1   Thumb Code     0  ddiv.o(x$fpl$ddiv)
    _ddiv                                    0x080073d1   Thumb Code   552  ddiv.o(x$fpl$ddiv)
    __aeabi_d2iz                             0x08007681   Thumb Code     0  dfix.o(x$fpl$dfix)
    _dfix                                    0x08007681   Thumb Code    94  dfix.o(x$fpl$dfix)
    __aeabi_i2d                              0x080076df   Thumb Code     0  dflt_clz.o(x$fpl$dflt)
    _dflt                                    0x080076df   Thumb Code    46  dflt_clz.o(x$fpl$dflt)
    __aeabi_ui2d                             0x0800770d   Thumb Code     0  dflt_clz.o(x$fpl$dfltu)
    _dfltu                                   0x0800770d   Thumb Code    38  dflt_clz.o(x$fpl$dfltu)
    __aeabi_dmul                             0x08007735   Thumb Code     0  dmul.o(x$fpl$dmul)
    _dmul                                    0x08007735   Thumb Code   332  dmul.o(x$fpl$dmul)
    __fpl_dnaninf                            0x08007889   Thumb Code   156  dnaninf.o(x$fpl$dnaninf)
    __fpl_dretinf                            0x08007925   Thumb Code    12  dretinf.o(x$fpl$dretinf)
    __aeabi_drsub                            0x08007931   Thumb Code     0  daddsub_clz.o(x$fpl$drsb)
    _drsb                                    0x08007931   Thumb Code    22  daddsub_clz.o(x$fpl$drsb)
    _dsqrt                                   0x08007949   Thumb Code   404  dsqrt_umaal.o(x$fpl$dsqrt)
    __aeabi_dsub                             0x08007ae1   Thumb Code     0  daddsub_clz.o(x$fpl$dsub)
    _dsub                                    0x08007ae1   Thumb Code   464  daddsub_clz.o(x$fpl$dsub)
    __aeabi_f2d                              0x08007cb5   Thumb Code     0  f2d.o(x$fpl$f2d)
    _f2d                                     0x08007cb5   Thumb Code    86  f2d.o(x$fpl$f2d)
    __fpl_fnaninf                            0x08007d0b   Thumb Code   140  fnaninf.o(x$fpl$fnaninf)
    _fp_init                                 0x08007d97   Thumb Code    10  fpinit.o(x$fpl$fpinit)
    __fplib_config_fpu_vfp                   0x08007d9f   Thumb Code     0  fpinit.o(x$fpl$fpinit)
    __fplib_config_pureend_doubles           0x08007d9f   Thumb Code     0  fpinit.o(x$fpl$fpinit)
    __fpl_fretinf                            0x08007da1   Thumb Code    10  fretinf.o(x$fpl$fretinf)
    OSUnMapTbl                               0x08007daa   Data         256  os_core.o(.constdata)
    __I$use$fp                               0x08007daa   Number         0  usenofp.o(x$fpl$usenofp)
    OSDebugEn                                0x08007eac   Data           2  os_dbg_r.o(.constdata)
    OSEndiannessTest                         0x08007eb0   Data           4  os_dbg_r.o(.constdata)
    OSEventEn                                0x08007eb4   Data           2  os_dbg_r.o(.constdata)
    OSEventMax                               0x08007eb6   Data           2  os_dbg_r.o(.constdata)
    OSEventNameEn                            0x08007eb8   Data           2  os_dbg_r.o(.constdata)
    OSEventSize                              0x08007eba   Data           2  os_dbg_r.o(.constdata)
    OSEventTblSize                           0x08007ebc   Data           2  os_dbg_r.o(.constdata)
    OSEventMultiEn                           0x08007ebe   Data           2  os_dbg_r.o(.constdata)
    OSFlagEn                                 0x08007ec0   Data           2  os_dbg_r.o(.constdata)
    OSFlagGrpSize                            0x08007ec2   Data           2  os_dbg_r.o(.constdata)
    OSFlagNodeSize                           0x08007ec4   Data           2  os_dbg_r.o(.constdata)
    OSFlagWidth                              0x08007ec6   Data           2  os_dbg_r.o(.constdata)
    OSFlagMax                                0x08007ec8   Data           2  os_dbg_r.o(.constdata)
    OSFlagNameEn                             0x08007eca   Data           2  os_dbg_r.o(.constdata)
    OSLowestPrio                             0x08007ecc   Data           2  os_dbg_r.o(.constdata)
    OSMboxEn                                 0x08007ece   Data           2  os_dbg_r.o(.constdata)
    OSMemEn                                  0x08007ed0   Data           2  os_dbg_r.o(.constdata)
    OSMemMax                                 0x08007ed2   Data           2  os_dbg_r.o(.constdata)
    OSMemNameEn                              0x08007ed4   Data           2  os_dbg_r.o(.constdata)
    OSMemSize                                0x08007ed6   Data           2  os_dbg_r.o(.constdata)
    OSMemTblSize                             0x08007ed8   Data           2  os_dbg_r.o(.constdata)
    OSMutexEn                                0x08007eda   Data           2  os_dbg_r.o(.constdata)
    OSPtrSize                                0x08007edc   Data           2  os_dbg_r.o(.constdata)
    OSQEn                                    0x08007ede   Data           2  os_dbg_r.o(.constdata)
    OSQMax                                   0x08007ee0   Data           2  os_dbg_r.o(.constdata)
    OSQSize                                  0x08007ee2   Data           2  os_dbg_r.o(.constdata)
    OSRdyTblSize                             0x08007ee4   Data           2  os_dbg_r.o(.constdata)
    OSSemEn                                  0x08007ee6   Data           2  os_dbg_r.o(.constdata)
    OSStkWidth                               0x08007ee8   Data           2  os_dbg_r.o(.constdata)
    OSTaskCreateEn                           0x08007eea   Data           2  os_dbg_r.o(.constdata)
    OSTaskCreateExtEn                        0x08007eec   Data           2  os_dbg_r.o(.constdata)
    OSTaskDelEn                              0x08007eee   Data           2  os_dbg_r.o(.constdata)
    OSTaskIdleStkSize                        0x08007ef0   Data           2  os_dbg_r.o(.constdata)
    OSTaskProfileEn                          0x08007ef2   Data           2  os_dbg_r.o(.constdata)
    OSTaskMax                                0x08007ef4   Data           2  os_dbg_r.o(.constdata)
    OSTaskNameEn                             0x08007ef6   Data           2  os_dbg_r.o(.constdata)
    OSTaskStatEn                             0x08007ef8   Data           2  os_dbg_r.o(.constdata)
    OSTaskStatStkSize                        0x08007efa   Data           2  os_dbg_r.o(.constdata)
    OSTaskStatStkChkEn                       0x08007efc   Data           2  os_dbg_r.o(.constdata)
    OSTaskSwHookEn                           0x08007efe   Data           2  os_dbg_r.o(.constdata)
    OSTaskRegTblSize                         0x08007f00   Data           2  os_dbg_r.o(.constdata)
    OSTCBPrioTblMax                          0x08007f02   Data           2  os_dbg_r.o(.constdata)
    OSTCBSize                                0x08007f04   Data           2  os_dbg_r.o(.constdata)
    OSTicksPerSec                            0x08007f06   Data           2  os_dbg_r.o(.constdata)
    OSTimeTickHookEn                         0x08007f08   Data           2  os_dbg_r.o(.constdata)
    OSVersionNbr                             0x08007f0a   Data           2  os_dbg_r.o(.constdata)
    OS_TLS_TblSize                           0x08007f0c   Data           2  os_dbg_r.o(.constdata)
    OSTmrEn                                  0x08007f0e   Data           2  os_dbg_r.o(.constdata)
    OSTmrCfgMax                              0x08007f10   Data           2  os_dbg_r.o(.constdata)
    OSTmrCfgNameEn                           0x08007f12   Data           2  os_dbg_r.o(.constdata)
    OSTmrCfgWheelSize                        0x08007f14   Data           2  os_dbg_r.o(.constdata)
    OSTmrCfgTicksPerSec                      0x08007f16   Data           2  os_dbg_r.o(.constdata)
    OSTmrSize                                0x08007f18   Data           2  os_dbg_r.o(.constdata)
    OSTmrTblSize                             0x08007f1a   Data           2  os_dbg_r.o(.constdata)
    OSTmrWheelSize                           0x08007f1c   Data           2  os_dbg_r.o(.constdata)
    OSTmrWheelTblSize                        0x08007f1e   Data           2  os_dbg_r.o(.constdata)
    OSDataSize                               0x08007f20   Data           2  os_dbg_r.o(.constdata)
    __mathlib_zero                           0x08008068   Data           8  qnan.o(.constdata)
    Region$$Table$$Base                      0x08008204   Number         0  anon$$obj.o(Region$$Table)
    Region$$Table$$Limit                     0x08008224   Number         0  anon$$obj.o(Region$$Table)
    OSCtxSwCtr                               0x20000000   Data           4  os_core.o(.data)
    OSEventFreeList                          0x20000004   Data           4  os_core.o(.data)
    OSFlagFreeList                           0x20000008   Data           4  os_core.o(.data)
    OSCPUUsage                               0x2000000c   Data           1  os_core.o(.data)
    OSIdleCtrMax                             0x20000010   Data           4  os_core.o(.data)
    OSIdleCtrRun                             0x20000014   Data           4  os_core.o(.data)
    OSStatRdy                                0x20000018   Data           1  os_core.o(.data)
    OSIntNesting                             0x20000019   Data           1  os_core.o(.data)
    OSLockNesting                            0x2000001a   Data           1  os_core.o(.data)
    OSPrioCur                                0x2000001b   Data           1  os_core.o(.data)
    OSPrioHighRdy                            0x2000001c   Data           1  os_core.o(.data)
    OSRdyGrp                                 0x2000001d   Data           1  os_core.o(.data)
    OSRdyTbl                                 0x2000001e   Data           8  os_core.o(.data)
    OSRunning                                0x20000026   Data           1  os_core.o(.data)
    OSTaskCtr                                0x20000027   Data           1  os_core.o(.data)
    OSIdleCtr                                0x20000028   Data           4  os_core.o(.data)
    OSTCBCur                                 0x2000002c   Data           4  os_core.o(.data)
    OSTCBFreeList                            0x20000030   Data           4  os_core.o(.data)
    OSTCBHighRdy                             0x20000034   Data           4  os_core.o(.data)
    OSTCBList                                0x20000038   Data           4  os_core.o(.data)
    OSTickStepState                          0x2000003c   Data           1  os_core.o(.data)
    OSMemFreeList                            0x20000040   Data           4  os_core.o(.data)
    OSQFreeList                              0x20000044   Data           4  os_core.o(.data)
    OSTaskRegNextAvailID                     0x20000048   Data           1  os_core.o(.data)
    OSTime                                   0x2000004c   Data           4  os_core.o(.data)
    OSTmrFree                                0x20000050   Data           2  os_core.o(.data)
    OSTmrUsed                                0x20000052   Data           2  os_core.o(.data)
    OSTmrTime                                0x20000054   Data           4  os_core.o(.data)
    OSTmrSem                                 0x20000058   Data           4  os_core.o(.data)
    OSTmrSemSignal                           0x2000005c   Data           4  os_core.o(.data)
    OSTmrFreeList                            0x20000060   Data           4  os_core.o(.data)
    HMC_angle                                0x20000064   Data           4  mpu6050.o(.data)
    g                                        0x20000068   Data           4  mpu6050.o(.data)
    q0                                       0x2000006c   Data           4  mpu6050.o(.data)
    q1                                       0x20000070   Data           4  mpu6050.o(.data)
    q2                                       0x20000074   Data           4  mpu6050.o(.data)
    q3                                       0x20000078   Data           4  mpu6050.o(.data)
    exInt                                    0x2000007c   Data           4  mpu6050.o(.data)
    eyInt                                    0x20000080   Data           4  mpu6050.o(.data)
    ezInt                                    0x20000084   Data           4  mpu6050.o(.data)
    pi                                       0x20000088   Data           4  mpu6050.o(.data)
    gx_last                                  0x2000008c   Data           4  mpu6050.o(.data)
    gy_last                                  0x20000090   Data           4  mpu6050.o(.data)
    gz_last                                  0x20000094   Data           4  mpu6050.o(.data)
    norm                                     0x20000098   Data           4  mpu6050.o(.data)
    beta                                     0x2000009c   Data           4  mpu6050.o(.data)
    s0                                       0x200000a0   Data           4  mpu6050.o(.data)
    s1                                       0x200000a4   Data           4  mpu6050.o(.data)
    s2                                       0x200000a8   Data           4  mpu6050.o(.data)
    s3                                       0x200000ac   Data           4  mpu6050.o(.data)
    _2q0mx                                   0x200000b0   Data           4  mpu6050.o(.data)
    _2q0my                                   0x200000b4   Data           4  mpu6050.o(.data)
    _2q0mz                                   0x200000b8   Data           4  mpu6050.o(.data)
    _2q1mx                                   0x200000bc   Data           4  mpu6050.o(.data)
    _2bx                                     0x200000c0   Data           4  mpu6050.o(.data)
    _2bz                                     0x200000c4   Data           4  mpu6050.o(.data)
    _4bx                                     0x200000c8   Data           4  mpu6050.o(.data)
    _4bz                                     0x200000cc   Data           4  mpu6050.o(.data)
    _2q0                                     0x200000d0   Data           4  mpu6050.o(.data)
    _2q1                                     0x200000d4   Data           4  mpu6050.o(.data)
    _2q2                                     0x200000d8   Data           4  mpu6050.o(.data)
    _2q3                                     0x200000dc   Data           4  mpu6050.o(.data)
    _2q0q2                                   0x200000e0   Data           4  mpu6050.o(.data)
    _2q2q3                                   0x200000e4   Data           4  mpu6050.o(.data)
    q0q0                                     0x200000e8   Data           4  mpu6050.o(.data)
    q0q1                                     0x200000ec   Data           4  mpu6050.o(.data)
    q0q2                                     0x200000f0   Data           4  mpu6050.o(.data)
    q0q3                                     0x200000f4   Data           4  mpu6050.o(.data)
    q1q1                                     0x200000f8   Data           4  mpu6050.o(.data)
    q1q2                                     0x200000fc   Data           4  mpu6050.o(.data)
    q1q3                                     0x20000100   Data           4  mpu6050.o(.data)
    q2q2                                     0x20000104   Data           4  mpu6050.o(.data)
    q2q3                                     0x20000108   Data           4  mpu6050.o(.data)
    q3q3                                     0x2000010c   Data           4  mpu6050.o(.data)
    gx                                       0x20000110   Data           4  mpu6050.o(.data)
    gy                                       0x20000114   Data           4  mpu6050.o(.data)
    gz                                       0x20000118   Data           4  mpu6050.o(.data)
    ax                                       0x2000011c   Data           4  mpu6050.o(.data)
    ay                                       0x20000120   Data           4  mpu6050.o(.data)
    az                                       0x20000124   Data           4  mpu6050.o(.data)
    mx                                       0x20000128   Data           4  mpu6050.o(.data)
    my                                       0x2000012c   Data           4  mpu6050.o(.data)
    mz                                       0x20000130   Data           4  mpu6050.o(.data)
    w_xyz                                    0x20000134   Data           4  mpu6050.o(.data)
    gyrox_err                                0x20000138   Data           4  mpu6050.o(.data)
    gyroy_err                                0x2000013c   Data           4  mpu6050.o(.data)
    gyroz_err                                0x20000140   Data           4  mpu6050.o(.data)
    Initial_attitude                         0x20000144   Data           4  mpu6050.o(.data)
    Kx                                       0x20000148   Data           4  mpu6050.o(.data)
    Ky                                       0x2000014c   Data           4  mpu6050.o(.data)
    Kz                                       0x20000150   Data           4  mpu6050.o(.data)
    mxoffset                                 0x20000154   Data           4  mpu6050.o(.data)
    myoffset                                 0x20000158   Data           4  mpu6050.o(.data)
    mzoffset                                 0x2000015c   Data           4  mpu6050.o(.data)
    axoffset                                 0x20000160   Data           4  mpu6050.o(.data)
    ayoffset                                 0x20000164   Data           4  mpu6050.o(.data)
    azoffset                                 0x20000168   Data           4  mpu6050.o(.data)
    EXP_ANGLE_ROLL                           0x2000016c   Data           4  mpu6050.o(.data)
    EXP_ANGLE_PITCH                          0x20000170   Data           4  mpu6050.o(.data)
    EXP_ANGLE_YAW                            0x20000174   Data           4  mpu6050.o(.data)
    Roll_shell_kp                            0x20000178   Data           4  mpu6050.o(.data)
    Roll_shell_ki                            0x2000017c   Data           4  mpu6050.o(.data)
    Pitch_shell_kp                           0x20000180   Data           4  mpu6050.o(.data)
    Pitch_shell_ki                           0x20000184   Data           4  mpu6050.o(.data)
    Yaw_shell_kp                             0x20000188   Data           4  mpu6050.o(.data)
    Yaw_shell_ki                             0x2000018c   Data           4  mpu6050.o(.data)
    Pitch_i                                  0x20000190   Data           4  mpu6050.o(.data)
    Roll_i                                   0x20000194   Data           4  mpu6050.o(.data)
    Yaw_i                                    0x20000198   Data           4  mpu6050.o(.data)
    Pitch_shell_out                          0x2000019c   Data           4  mpu6050.o(.data)
    Roll_shell_out                           0x200001a0   Data           4  mpu6050.o(.data)
    Yaw_shell_out                            0x200001a4   Data           4  mpu6050.o(.data)
    Pitch_core_kp                            0x200001a8   Data           4  mpu6050.o(.data)
    Pitch_core_ki                            0x200001ac   Data           4  mpu6050.o(.data)
    Pitch_core_kd                            0x200001b0   Data           4  mpu6050.o(.data)
    Roll_core_kp                             0x200001b4   Data           4  mpu6050.o(.data)
    Roll_core_ki                             0x200001b8   Data           4  mpu6050.o(.data)
    Roll_core_kd                             0x200001bc   Data           4  mpu6050.o(.data)
    Yaw_core_kp                              0x200001c0   Data           4  mpu6050.o(.data)
    Yaw_core_ki                              0x200001c4   Data           4  mpu6050.o(.data)
    Yaw_core_kd                              0x200001c8   Data           4  mpu6050.o(.data)
    Pitch_core_i                             0x200001cc   Data           4  mpu6050.o(.data)
    Roll_core_i                              0x200001d0   Data           4  mpu6050.o(.data)
    Yaw_core_i                               0x200001d4   Data           4  mpu6050.o(.data)
    Pitch_core_d                             0x200001d8   Data           4  mpu6050.o(.data)
    Roll_core_d                              0x200001dc   Data           4  mpu6050.o(.data)
    Yaw_core_d                               0x200001e0   Data           4  mpu6050.o(.data)
    Pitch_core_out                           0x200001e4   Data           4  mpu6050.o(.data)
    Roll_core_out                            0x200001e8   Data           4  mpu6050.o(.data)
    Yaw_core_out                             0x200001ec   Data           4  mpu6050.o(.data)
    last_diff_gx                             0x200001f0   Data           4  mpu6050.o(.data)
    last_diff_gy                             0x200001f4   Data           4  mpu6050.o(.data)
    last_diff_gz                             0x200001f8   Data           4  mpu6050.o(.data)
    myticks                                  0x20000200   Data           4  systick.o(.data)
    delay_time                               0x20000204   Data           4  systick.o(.data)
    angle                                    0x20000208   Data           4  main.o(.data)
    SEGGER_SYSVIEW_TickCnt                   0x2000020c   Data           4  segger_sysview.o(.data)
    SEGGER_SYSVIEW_InterruptId               0x20000210   Data           4  segger_sysview.o(.data)
    OSEventTbl                               0x2000022c   Data         240  os_core.o(.bss)
    OSFlagTbl                                0x2000031c   Data          80  os_core.o(.bss)
    OSTaskStatStk                            0x2000036c   Data         512  os_core.o(.bss)
    OSTaskIdleStk                            0x2000056c   Data         512  os_core.o(.bss)
    OSTCBPrioTbl                             0x2000076c   Data         256  os_core.o(.bss)
    OSTCBTbl                                 0x2000086c   Data        2024  os_core.o(.bss)
    OSMemTbl                                 0x20001054   Data         120  os_core.o(.bss)
    OSQTbl                                   0x200010cc   Data          96  os_core.o(.bss)
    OSTmrTbl                                 0x2000112c   Data         640  os_core.o(.bss)
    OSTmrTaskStk                             0x200013ac   Data         512  os_core.o(.bss)
    OSTmrWheelTbl                            0x200015ac   Data          56  os_core.o(.bss)
    recData                                  0x200015e4   Data          44  pwmin.o(.bss)
    recline1                                 0x20001610   Data          44  pwmin.o(.bss)
    START_TASK_STK                           0x2000163c   Data         256  main.o(.bss)
    LED_TASK_STK                             0x2000173c   Data         256  main.o(.bss)
    LEDOFF_TASK_STK                          0x2000183c   Data         256  main.o(.bss)
    MPU6050_TASK_STK                         0x2000193c   Data        2048  main.o(.bss)
    PPM_TASK_STK                             0x2000213c   Data        4096  main.o(.bss)
    PWMOUT_TASK_STK                          0x2000313c   Data        4096  main.o(.bss)
    _SEGGER_RTT                              0x2000413c   Data         168  segger_rtt.o(.bss)
    __libspace_start                         0x20005f80   Data          96  libspace.o(.bss)
    __temporary_stack_top$libspace           0x20005fe0   Data           0  libspace.o(.bss)



==============================================================================

Memory Map of the image

  Image Entry point : 0x08000195

  Load Region LR_IROM1 (Base: 0x08000000, Size: 0x00008450, Max: 0x00080000, ABSOLUTE, COMPRESSED[0x00008284])

    Execution Region ER_IROM1 (Exec base: 0x08000000, Load base: 0x08000000, Size: 0x00008224, Max: 0x00080000, ABSOLUTE)

    Exec Addr    Load Addr    Size         Type   Attr      Idx    E Section Name        Object

    0x08000000   0x08000000   0x00000194   Data   RO         2871    RESET               startup_stm32f401xe.o
    0x08000194   0x08000194   0x00000008   Code   RO         2979  * !!!main             c_w.l(__main.o)
    0x0800019c   0x0800019c   0x00000034   Code   RO         3355    !!!scatter          c_w.l(__scatter.o)
    0x080001d0   0x080001d0   0x0000005a   Code   RO         3353    !!dczerorl2         c_w.l(__dczerorl2.o)
    0x0800022a   0x0800022a   0x00000002   PAD
    0x0800022c   0x0800022c   0x0000001c   Code   RO         3357    !!handler_zi        c_w.l(__scatter_zi.o)
    0x08000248   0x08000248   0x00000002   Code   RO         3292    .ARM.Collect$$libinit$$00000000  c_w.l(libinit.o)
    0x0800024a   0x0800024a   0x00000004   Code   RO         3107    .ARM.Collect$$libinit$$00000001  c_w.l(libinit2.o)
    0x0800024e   0x0800024e   0x00000000   Code   RO         3110    .ARM.Collect$$libinit$$00000004  c_w.l(libinit2.o)
    0x0800024e   0x0800024e   0x00000008   Code   RO         3111    .ARM.Collect$$libinit$$00000005  c_w.l(libinit2.o)
    0x08000256   0x08000256   0x00000000   Code   RO         3113    .ARM.Collect$$libinit$$0000000A  c_w.l(libinit2.o)
    0x08000256   0x08000256   0x00000000   Code   RO         3115    .ARM.Collect$$libinit$$0000000C  c_w.l(libinit2.o)
    0x08000256   0x08000256   0x00000000   Code   RO         3117    .ARM.Collect$$libinit$$0000000E  c_w.l(libinit2.o)
    0x08000256   0x08000256   0x00000000   Code   RO         3120    .ARM.Collect$$libinit$$00000011  c_w.l(libinit2.o)
    0x08000256   0x08000256   0x00000000   Code   RO         3122    .ARM.Collect$$libinit$$00000013  c_w.l(libinit2.o)
    0x08000256   0x08000256   0x00000000   Code   RO         3124    .ARM.Collect$$libinit$$00000015  c_w.l(libinit2.o)
    0x08000256   0x08000256   0x00000000   Code   RO         3126    .ARM.Collect$$libinit$$00000017  c_w.l(libinit2.o)
    0x08000256   0x08000256   0x00000000   Code   RO         3128    .ARM.Collect$$libinit$$00000019  c_w.l(libinit2.o)
    0x08000256   0x08000256   0x00000000   Code   RO         3130    .ARM.Collect$$libinit$$0000001B  c_w.l(libinit2.o)
    0x08000256   0x08000256   0x00000000   Code   RO         3132    .ARM.Collect$$libinit$$0000001D  c_w.l(libinit2.o)
    0x08000256   0x08000256   0x00000000   Code   RO         3134    .ARM.Collect$$libinit$$0000001F  c_w.l(libinit2.o)
    0x08000256   0x08000256   0x00000000   Code   RO         3136    .ARM.Collect$$libinit$$00000021  c_w.l(libinit2.o)
    0x08000256   0x08000256   0x00000000   Code   RO         3138    .ARM.Collect$$libinit$$00000023  c_w.l(libinit2.o)
    0x08000256   0x08000256   0x00000000   Code   RO         3140    .ARM.Collect$$libinit$$00000025  c_w.l(libinit2.o)
    0x08000256   0x08000256   0x00000000   Code   RO         3144    .ARM.Collect$$libinit$$0000002C  c_w.l(libinit2.o)
    0x08000256   0x08000256   0x00000000   Code   RO         3146    .ARM.Collect$$libinit$$0000002E  c_w.l(libinit2.o)
    0x08000256   0x08000256   0x00000000   Code   RO         3148    .ARM.Collect$$libinit$$00000030  c_w.l(libinit2.o)
    0x08000256   0x08000256   0x00000000   Code   RO         3150    .ARM.Collect$$libinit$$00000032  c_w.l(libinit2.o)
    0x08000256   0x08000256   0x00000002   Code   RO         3151    .ARM.Collect$$libinit$$00000033  c_w.l(libinit2.o)
    0x08000258   0x08000258   0x00000002   Code   RO         3350    .ARM.Collect$$libshutdown$$00000000  c_w.l(libshutdown.o)
    0x0800025a   0x0800025a   0x00000000   Code   RO         3306    .ARM.Collect$$libshutdown$$00000002  c_w.l(libshutdown2.o)
    0x0800025a   0x0800025a   0x00000000   Code   RO         3308    .ARM.Collect$$libshutdown$$00000004  c_w.l(libshutdown2.o)
    0x0800025a   0x0800025a   0x00000000   Code   RO         3311    .ARM.Collect$$libshutdown$$00000007  c_w.l(libshutdown2.o)
    0x0800025a   0x0800025a   0x00000000   Code   RO         3314    .ARM.Collect$$libshutdown$$0000000A  c_w.l(libshutdown2.o)
    0x0800025a   0x0800025a   0x00000000   Code   RO         3316    .ARM.Collect$$libshutdown$$0000000C  c_w.l(libshutdown2.o)
    0x0800025a   0x0800025a   0x00000000   Code   RO         3319    .ARM.Collect$$libshutdown$$0000000F  c_w.l(libshutdown2.o)
    0x0800025a   0x0800025a   0x00000002   Code   RO         3320    .ARM.Collect$$libshutdown$$00000010  c_w.l(libshutdown2.o)
    0x0800025c   0x0800025c   0x00000000   Code   RO         3069    .ARM.Collect$$rtentry$$00000000  c_w.l(__rtentry.o)
    0x0800025c   0x0800025c   0x00000000   Code   RO         3224    .ARM.Collect$$rtentry$$00000002  c_w.l(__rtentry2.o)
    0x0800025c   0x0800025c   0x00000006   Code   RO         3236    .ARM.Collect$$rtentry$$00000004  c_w.l(__rtentry4.o)
    0x08000262   0x08000262   0x00000000   Code   RO         3226    .ARM.Collect$$rtentry$$00000009  c_w.l(__rtentry2.o)
    0x08000262   0x08000262   0x00000004   Code   RO         3227    .ARM.Collect$$rtentry$$0000000A  c_w.l(__rtentry2.o)
    0x08000266   0x08000266   0x00000000   Code   RO         3229    .ARM.Collect$$rtentry$$0000000C  c_w.l(__rtentry2.o)
    0x08000266   0x08000266   0x00000008   Code   RO         3230    .ARM.Collect$$rtentry$$0000000D  c_w.l(__rtentry2.o)
    0x0800026e   0x0800026e   0x00000002   Code   RO         3295    .ARM.Collect$$rtexit$$00000000  c_w.l(rtexit.o)
    0x08000270   0x08000270   0x00000000   Code   RO         3324    .ARM.Collect$$rtexit$$00000002  c_w.l(rtexit2.o)
    0x08000270   0x08000270   0x00000004   Code   RO         3325    .ARM.Collect$$rtexit$$00000003  c_w.l(rtexit2.o)
    0x08000274   0x08000274   0x00000006   Code   RO         3326    .ARM.Collect$$rtexit$$00000004  c_w.l(rtexit2.o)
    0x0800027a   0x0800027a   0x00000002   PAD
    0x0800027c   0x0800027c   0x00000000   Code   RO         3245    .emb_text           c_w.l(maybetermalloc1.o)
    0x0800027c   0x0800027c   0x000000b4   Code   RO            1    .text               os_cpu_a.o
    0x08000330   0x08000330   0x00000040   Code   RO         2872    .text               startup_stm32f401xe.o
    0x08000370   0x08000370   0x0000005e   Code   RO         2917    .text               c_w.l(h1_alloc.o)
    0x080003ce   0x080003ce   0x0000008a   Code   RO         2973    .text               c_w.l(rt_memcpy_v6.o)
    0x08000458   0x08000458   0x0000004e   Code   RO         2975    .text               c_w.l(rt_memclr_w.o)
    0x080004a6   0x080004a6   0x00000006   Code   RO         2977    .text               c_w.l(heapauxi.o)
    0x080004ac   0x080004ac   0x00000008   Code   RO         3073    .text               c_w.l(rt_heap_descriptor_intlibspace.o)
    0x080004b4   0x080004b4   0x00000004   Code   RO         3075    .text               c_w.l(hguard.o)
    0x080004b8   0x080004b8   0x0000008a   Code   RO         3077    .text               c_w.l(init_alloc.o)
    0x08000542   0x08000542   0x0000000e   Code   RO         3083    .text               c_w.l(h1_init.o)
    0x08000550   0x08000550   0x0000004e   Code   RO         3085    .text               c_w.l(h1_free.o)
    0x0800059e   0x0800059e   0x00000016   Code   RO         3101    .text               c_w.l(_rserrno.o)
    0x080005b4   0x080005b4   0x00000064   Code   RO         3103    .text               c_w.l(rt_memcpy_w.o)
    0x08000618   0x08000618   0x00000008   Code   RO         3220    .text               c_w.l(libspace.o)
    0x08000620   0x08000620   0x00000008   Code   RO         3241    .text               c_w.l(rt_errno_addr_intlibspace.o)
    0x08000628   0x08000628   0x00000034   Code   RO         3247    .text               c_w.l(h1_extend.o)
    0x0800065c   0x0800065c   0x0000000e   Code   RO         3251    .text               c_w.l(defsig_rtmem_outer.o)
    0x0800066a   0x0800066a   0x00000002   Code   RO         3268    .text               c_w.l(use_no_semi.o)
    0x0800066c   0x0800066c   0x00000000   Code   RO         3270    .text               c_w.l(indicate_semi.o)
    0x0800066c   0x0800066c   0x0000004a   Code   RO         3271    .text               c_w.l(sys_stackheap_outer.o)
    0x080006b6   0x080006b6   0x00000012   Code   RO         3277    .text               c_w.l(exit.o)
    0x080006c8   0x080006c8   0x0000000a   Code   RO         3279    .text               c_w.l(defsig_exit.o)
    0x080006d2   0x080006d2   0x00000002   PAD
    0x080006d4   0x080006d4   0x00000050   Code   RO         3281    .text               c_w.l(defsig_rtmem_inner.o)
    0x08000724   0x08000724   0x0000000c   Code   RO         3293    .text               c_w.l(sys_exit.o)
    0x08000730   0x08000730   0x00000032   Code   RO         3303    .text               c_w.l(defsig_general.o)
    0x08000762   0x08000762   0x0000000e   Code   RO         3321    .text               c_w.l(sys_wrch.o)
    0x08000770   0x08000770   0x0000002c   Code   RO         1323    i.HMC5883L_Init     mpu6050.o
    0x0800079c   0x0800079c   0x00000124   Code   RO         1324    i.HMC5883_Get_Angle  mpu6050.o
    0x080008c0   0x080008c0   0x00000120   Code   RO         1251    i.I2C_Configuration  i2c.o
    0x080009e0   0x080009e0   0x000000b0   Code   RO         1252    i.I2C_Read_Byte     i2c.o
    0x08000a90   0x08000a90   0x00000070   Code   RO         1253    i.I2C_Sand_Byte     i2c.o
    0x08000b00   0x08000b00   0x00000036   Code   RO         1326    i.MPU_Init2         mpu6050.o
    0x08000b36   0x08000b36   0x00000024   Code   RO         1327    i.MPU_dataout       mpu6050.o
    0x08000b5a   0x08000b5a   0x00000002   PAD
    0x08000b5c   0x08000b5c   0x0000003c   Code   RO         1254    i.MY_CHECK          i2c.o
    0x08000b98   0x08000b98   0x0000015c   Code   RO          513    i.OSDebugInit       os_dbg_r.o
    0x08000cf4   0x08000cf4   0x00000074   Code   RO          291    i.OSEventNameSet    os_core.o
    0x08000d68   0x08000d68   0x00000038   Code   RO          293    i.OSInit            os_core.o
    0x08000da0   0x08000da0   0x00000002   Code   RO            9    i.OSInitHookBegin   os_cpu_c.o
    0x08000da2   0x08000da2   0x00000002   Code   RO           10    i.OSInitHookEnd     os_cpu_c.o
    0x08000da4   0x08000da4   0x0000002c   Code   RO          294    i.OSIntEnter        os_core.o
    0x08000dd0   0x08000dd0   0x000000a8   Code   RO          295    i.OSIntExit         os_core.o
    0x08000e78   0x08000e78   0x00000040   Code   RO          296    i.OSSchedLock       os_core.o
    0x08000eb8   0x08000eb8   0x00000060   Code   RO          297    i.OSSchedUnlock     os_core.o
    0x08000f18   0x08000f18   0x00000060   Code   RO          904    i.OSSemCreate       os_sem.o
    0x08000f78   0x08000f78   0x00000138   Code   RO          906    i.OSSemPend         os_sem.o
    0x080010b0   0x080010b0   0x00000048   Code   RO          298    i.OSStart           os_core.o
    0x080010f8   0x080010f8   0x00000002   Code   RO           11    i.OSTCBInitHook     os_cpu_c.o
    0x080010fa   0x080010fa   0x00000002   PAD
    0x080010fc   0x080010fc   0x000000f8   Code   RO          970    i.OSTaskCreate      os_task.o
    0x080011f4   0x080011f4   0x0000010c   Code   RO          971    i.OSTaskCreateExt   os_task.o
    0x08001300   0x08001300   0x00000002   Code   RO           12    i.OSTaskCreateHook  os_cpu_c.o
    0x08001302   0x08001302   0x00000002   PAD
    0x08001304   0x08001304   0x00000174   Code   RO          972    i.OSTaskDel         os_task.o
    0x08001478   0x08001478   0x00000002   Code   RO           13    i.OSTaskDelHook     os_cpu_c.o
    0x0800147a   0x0800147a   0x00000002   Code   RO           14    i.OSTaskIdleHook    os_cpu_c.o
    0x0800147c   0x0800147c   0x00000098   Code   RO          975    i.OSTaskNameSet     os_task.o
    0x08001514   0x08001514   0x0000000c   Code   RO           15    i.OSTaskReturnHook  os_cpu_c.o
    0x08001520   0x08001520   0x00000002   Code   RO           16    i.OSTaskStatHook    os_cpu_c.o
    0x08001522   0x08001522   0x00000002   PAD
    0x08001524   0x08001524   0x0000009c   Code   RO          981    i.OSTaskStkChk      os_task.o
    0x080015c0   0x080015c0   0x0000009c   Code   RO           17    i.OSTaskStkInit     os_cpu_c.o
    0x0800165c   0x0800165c   0x000000c4   Code   RO          982    i.OSTaskSuspend     os_task.o
    0x08001720   0x08001720   0x00000002   Code   RO           18    i.OSTaskSwHook      os_cpu_c.o
    0x08001722   0x08001722   0x00000002   PAD
    0x08001724   0x08001724   0x00000080   Code   RO         1083    i.OSTimeDly         os_time.o
    0x080017a4   0x080017a4   0x000000fc   Code   RO          300    i.OSTimeTick        os_core.o
    0x080018a0   0x080018a0   0x00000002   Code   RO           19    i.OSTimeTickHook    os_cpu_c.o
    0x080018a2   0x080018a2   0x00000002   PAD
    0x080018a4   0x080018a4   0x000000f4   Code   RO         1141    i.OSTmr_Init        os_tmr.o
    0x08001998   0x08001998   0x00000050   Code   RO         1142    i.OSTmr_InitTask    os_tmr.o
    0x080019e8   0x080019e8   0x00000074   Code   RO         1143    i.OSTmr_Link        os_tmr.o
    0x08001a5c   0x08001a5c   0x00000094   Code   RO         1144    i.OSTmr_Task        os_tmr.o
    0x08001af0   0x08001af0   0x00000048   Code   RO         1145    i.OSTmr_Unlink      os_tmr.o
    0x08001b38   0x08001b38   0x00000002   Code   RO          302    i.OS_Dummy          os_core.o
    0x08001b3a   0x08001b3a   0x0000002e   Code   RO          304    i.OS_EventTaskRemove  os_core.o
    0x08001b68   0x08001b68   0x0000003a   Code   RO          305    i.OS_EventTaskRemoveMulti  os_core.o
    0x08001ba2   0x08001ba2   0x00000002   PAD
    0x08001ba4   0x08001ba4   0x00000088   Code   RO          306    i.OS_EventTaskWait  os_core.o
    0x08001c2c   0x08001c2c   0x0000001c   Code   RO          308    i.OS_EventWaitListInit  os_core.o
    0x08001c48   0x08001c48   0x00000058   Code   RO          550    i.OS_FlagInit       os_flag.o
    0x08001ca0   0x08001ca0   0x00000024   Code   RO          552    i.OS_FlagUnlink     os_flag.o
    0x08001cc4   0x08001cc4   0x00000060   Code   RO          309    i.OS_InitEventList  os_core.o
    0x08001d24   0x08001d24   0x0000005c   Code   RO          310    i.OS_InitMisc       os_core.o
    0x08001d80   0x08001d80   0x00000044   Code   RO          311    i.OS_InitRdyList    os_core.o
    0x08001dc4   0x08001dc4   0x00000080   Code   RO          312    i.OS_InitTCBList    os_core.o
    0x08001e44   0x08001e44   0x00000050   Code   RO          313    i.OS_InitTaskIdle   os_core.o
    0x08001e94   0x08001e94   0x00000050   Code   RO          314    i.OS_InitTaskStat   os_core.o
    0x08001ee4   0x08001ee4   0x00000012   Code   RO          315    i.OS_MemClr         os_core.o
    0x08001ef6   0x08001ef6   0x00000002   PAD
    0x08001ef8   0x08001ef8   0x00000058   Code   RO          706    i.OS_MemInit        os_mem.o
    0x08001f50   0x08001f50   0x00000050   Code   RO          829    i.OS_QInit          os_q.o
    0x08001fa0   0x08001fa0   0x00000074   Code   RO          317    i.OS_Sched          os_core.o
    0x08002014   0x08002014   0x0000002c   Code   RO          318    i.OS_SchedNew       os_core.o
    0x08002040   0x08002040   0x0000014c   Code   RO          320    i.OS_TCBInit        os_core.o
    0x0800218c   0x0800218c   0x00000024   Code   RO          321    i.OS_TaskIdle       os_core.o
    0x080021b0   0x080021b0   0x00000018   Code   RO          983    i.OS_TaskReturn     os_task.o
    0x080021c8   0x080021c8   0x000000d0   Code   RO          322    i.OS_TaskStat       os_core.o
    0x08002298   0x08002298   0x0000003c   Code   RO          323    i.OS_TaskStatStkChk  os_core.o
    0x080022d4   0x080022d4   0x0000001a   Code   RO          984    i.OS_TaskStkClr     os_task.o
    0x080022ee   0x080022ee   0x00000002   PAD
    0x080022f0   0x080022f0   0x000000b8   Code   RO         1728    i.PWMIN_Init        pwmin.o
    0x080023a8   0x080023a8   0x000000d4   Code   RO         1698    i.PWM_Init          pwm.o
    0x0800247c   0x0800247c   0x000000a8   Code   RO         1945    i.SEGGER_RTT_ReadNoLock  segger_rtt.o
    0x08002524   0x08002524   0x000000a0   Code   RO         1959    i.SEGGER_RTT_WriteSkipNoLock  segger_rtt.o
    0x080025c4   0x080025c4   0x000000bc   Code   RO         2180    i.SEGGER_SYSVIEW_GetSysDesc  segger_sysview.o
    0x08002680   0x08002680   0x00000070   Code   RO         2191    i.SEGGER_SYSVIEW_NameResource  segger_sysview.o
    0x080026f0   0x080026f0   0x00000034   Code   RO         2192    i.SEGGER_SYSVIEW_OnIdle  segger_sysview.o
    0x08002724   0x08002724   0x00000064   Code   RO         2193    i.SEGGER_SYSVIEW_OnTaskCreate  segger_sysview.o
    0x08002788   0x08002788   0x00000064   Code   RO         2194    i.SEGGER_SYSVIEW_OnTaskStartExec  segger_sysview.o
    0x080027ec   0x080027ec   0x00000064   Code   RO         2195    i.SEGGER_SYSVIEW_OnTaskStartReady  segger_sysview.o
    0x08002850   0x08002850   0x00000084   Code   RO         2197    i.SEGGER_SYSVIEW_OnTaskStopReady  segger_sysview.o
    0x080028d4   0x080028d4   0x00000078   Code   RO         2205    i.SEGGER_SYSVIEW_RecordEndCallU32  segger_sysview.o
    0x0800294c   0x0800294c   0x00000064   Code   RO         2206    i.SEGGER_SYSVIEW_RecordEnterISR  segger_sysview.o
    0x080029b0   0x080029b0   0x00000034   Code   RO         2208    i.SEGGER_SYSVIEW_RecordExitISR  segger_sysview.o
    0x080029e4   0x080029e4   0x00000034   Code   RO         2209    i.SEGGER_SYSVIEW_RecordExitISRToScheduler  segger_sysview.o
    0x08002a18   0x08002a18   0x0000003c   Code   RO         2213    i.SEGGER_SYSVIEW_RecordSystime  segger_sysview.o
    0x08002a54   0x08002a54   0x0000005c   Code   RO         2214    i.SEGGER_SYSVIEW_RecordU32  segger_sysview.o
    0x08002ab0   0x08002ab0   0x0000007c   Code   RO         2216    i.SEGGER_SYSVIEW_RecordU32x2  segger_sysview.o
    0x08002b2c   0x08002b2c   0x00000038   Code   RO         2224    i.SEGGER_SYSVIEW_RecordVoid  segger_sysview.o
    0x08002b64   0x08002b64   0x000000b4   Code   RO         2226    i.SEGGER_SYSVIEW_SendModule  segger_sysview.o
    0x08002c18   0x08002c18   0x00000024   Code   RO         2227    i.SEGGER_SYSVIEW_SendModuleDescription  segger_sysview.o
    0x08002c3c   0x08002c3c   0x00000058   Code   RO         2228    i.SEGGER_SYSVIEW_SendNumModules  segger_sysview.o
    0x08002c94   0x08002c94   0x0000010c   Code   RO         2231    i.SEGGER_SYSVIEW_SendTaskInfo  segger_sysview.o
    0x08002da0   0x08002da0   0x00000020   Code   RO         2232    i.SEGGER_SYSVIEW_SendTaskList  segger_sysview.o
    0x08002dc0   0x08002dc0   0x00000010   Code   RO         2234    i.SEGGER_SYSVIEW_ShrinkId  segger_sysview.o
    0x08002dd0   0x08002dd0   0x000000fc   Code   RO         2235    i.SEGGER_SYSVIEW_Start  segger_sysview.o
    0x08002ecc   0x08002ecc   0x00000044   Code   RO         2236    i.SEGGER_SYSVIEW_Stop  segger_sysview.o
    0x08002f10   0x08002f10   0x00000080   Code   RO         2245    i.SEGGER_SYSVIEW_Warn  segger_sysview.o
    0x08002f90   0x08002f90   0x000000a4   Code   RO         2735    i.SYSVIEW_AddTask   segger_sysview_ucosii.o
    0x08003034   0x08003034   0x0000007c   Code   RO         2736    i.SYSVIEW_RecordU32Register  segger_sysview_ucosii.o
    0x080030b0   0x080030b0   0x00000032   Code   RO         2740    i.SYSVIEW_SendTaskInfo  segger_sysview_ucosii.o
    0x080030e2   0x080030e2   0x00000002   PAD
    0x080030e4   0x080030e4   0x0000001c   Code   RO         2741    i.SYSVIEW_TaskReady  segger_sysview_ucosii.o
    0x08003100   0x08003100   0x0000001c   Code   RO         2742    i.SYSVIEW_TaskSuspend  segger_sysview_ucosii.o
    0x0800311c   0x0800311c   0x00000020   Code   RO         2743    i.SYSVIEW_TaskSwitchedIn  segger_sysview_ucosii.o
    0x0800313c   0x0800313c   0x0000005c   Code   RO         2744    i.SYSVIEW_UpdateResource  segger_sysview_ucosii.o
    0x08003198   0x08003198   0x0000009c   Code   RO         2745    i.SYSVIEW_UpdateTask  segger_sysview_ucosii.o
    0x08003234   0x08003234   0x000000f4   Code   RO         1762    i.SetSysClock       systick.o
    0x08003328   0x08003328   0x0000001c   Code   RO         1763    i.SysTick_Handler   systick.o
    0x08003344   0x08003344   0x00000064   Code   RO         2880    i.SystemInit        system_stm32f4xx.o
    0x080033a8   0x080033a8   0x00000064   Code   RO         1729    i.TIM1_CC_IRQHandler  pwmin.o
    0x0800340c   0x0800340c   0x0000013c   Code   RO         1811    i.USART_Init        usart.o
    0x08003548   0x08003548   0x00000034   Code   RO         1815    i.USART_sand_byte   usart.o
    0x0800357c   0x0800357c   0x00000070   Code   RO         1962    i._DoInit           segger_rtt.o
    0x080035ec   0x080035ec   0x0000002c   Code   RO         2249    i._EncodeStr        segger_sysview.o
    0x08003618   0x08003618   0x000000a8   Code   RO         2250    i._HandleIncomingPacket  segger_sysview.o
    0x080036c0   0x080036c0   0x00000006   Code   RO         2251    i._PreparePacket    segger_sysview.o
    0x080036c6   0x080036c6   0x00000002   PAD
    0x080036c8   0x080036c8   0x000001e0   Code   RO         2254    i._SendPacket       segger_sysview.o
    0x080038a8   0x080038a8   0x00000088   Code   RO         2256    i._TrySendOverflowPacket  segger_sysview.o
    0x08003930   0x08003930   0x00000030   Code   RO         3202    i.__ARM_fpclassify  m_wm.l(fpclassify.o)
    0x08003960   0x08003960   0x00000360   Code   RO         3005    i.__hardfp_asin     m_wm.l(asin.o)
    0x08003cc0   0x08003cc0   0x000002d8   Code   RO         3165    i.__hardfp_atan     m_wm.l(atan.o)
    0x08003f98   0x08003f98   0x000001f0   Code   RO         3019    i.__hardfp_atan2    m_wm.l(atan2.o)
    0x08004188   0x08004188   0x000000c8   Code   RO         3031    i.__hardfp_cos      m_wm.l(cos.o)
    0x08004250   0x08004250   0x000000c8   Code   RO         3043    i.__hardfp_sin      m_wm.l(sin.o)
    0x08004318   0x08004318   0x0000007a   Code   RO         3055    i.__hardfp_sqrt     m_wm.l(sqrt.o)
    0x08004392   0x08004392   0x00000006   PAD
    0x08004398   0x08004398   0x00000438   Code   RO         3207    i.__ieee754_rem_pio2  m_wm.l(rred.o)
    0x080047d0   0x080047d0   0x00000170   Code   RO         3179    i.__kernel_cos      m_wm.l(cos_i.o)
    0x08004940   0x08004940   0x000000f8   Code   RO         3204    i.__kernel_poly     m_wm.l(poly.o)
    0x08004a38   0x08004a38   0x00000130   Code   RO         3212    i.__kernel_sin      m_wm.l(sin_i.o)
    0x08004b68   0x08004b68   0x00000014   Code   RO         3183    i.__mathlib_dbl_infnan  m_wm.l(dunder.o)
    0x08004b7c   0x08004b7c   0x00000014   Code   RO         3184    i.__mathlib_dbl_infnan2  m_wm.l(dunder.o)
    0x08004b90   0x08004b90   0x00000020   Code   RO         3185    i.__mathlib_dbl_invalid  m_wm.l(dunder.o)
    0x08004bb0   0x08004bb0   0x00000020   Code   RO         3188    i.__mathlib_dbl_underflow  m_wm.l(dunder.o)
    0x08004bd0   0x08004bd0   0x00000010   Code   RO         3167    i.atan              m_wm.l(atan.o)
    0x08004be0   0x08004be0   0x000016a4   Code   RO         1329    i.attitude_Solution  mpu6050.o
    0x08006284   0x08006284   0x00000018   Code   RO         3198    i.fabs              m_wm.l(fabs.o)
    0x0800629c   0x0800629c   0x00000b00   Code   RO         1330    i.gyzero_err        mpu6050.o
    0x08006d9c   0x08006d9c   0x00000028   Code   RO         1859    i.led_task          main.o
    0x08006dc4   0x08006dc4   0x00000068   Code   RO         1861    i.main              main.o
    0x08006e2c   0x08006e2c   0x00000010   Code   RO         1862    i.mpu6050_task      main.o
    0x08006e3c   0x08006e3c   0x00000084   Code   RO         1863    i.myInit            main.o
    0x08006ec0   0x08006ec0   0x00000054   Code   RO         1293    i.myLED             led.o
    0x08006f14   0x08006f14   0x00000014   Code   RO         1294    i.myLEDOFF          led.o
    0x08006f28   0x08006f28   0x00000070   Code   RO         1764    i.newdelay1         systick.o
    0x08006f98   0x08006f98   0x000000de   Code   RO         1332    i.send_feikong_data  mpu6050.o
    0x08007076   0x08007076   0x0000006e   Code   RO         3057    i.sqrt              m_wm.l(sqrt.o)
    0x080070e4   0x080070e4   0x00000040   Code   RO         1866    i.start_task        main.o
    0x08007124   0x08007124   0x0000007e   Code   RO         1333    i.usart1_niming_report  mpu6050.o
    0x080071a2   0x080071a2   0x00000060   Code   RO         1334    i.usart1_report_imu  mpu6050.o
    0x08007202   0x08007202   0x00000018   Code   RO         2981    x$fpl$basic         fz_wm.l(basic.o)
    0x0800721a   0x0800721a   0x00000002   PAD
    0x0800721c   0x0800721c   0x00000062   Code   RO         2983    x$fpl$d2f           fz_wm.l(d2f.o)
    0x0800727e   0x0800727e   0x00000002   PAD
    0x08007280   0x08007280   0x00000150   Code   RO         2985    x$fpl$dadd          fz_wm.l(daddsub_clz.o)
    0x080073d0   0x080073d0   0x000002b0   Code   RO         2992    x$fpl$ddiv          fz_wm.l(ddiv.o)
    0x08007680   0x08007680   0x0000005e   Code   RO         3262    x$fpl$dfix          fz_wm.l(dfix.o)
    0x080076de   0x080076de   0x0000002e   Code   RO         2996    x$fpl$dflt          fz_wm.l(dflt_clz.o)
    0x0800770c   0x0800770c   0x00000026   Code   RO         2995    x$fpl$dfltu         fz_wm.l(dflt_clz.o)
    0x08007732   0x08007732   0x00000002   PAD
    0x08007734   0x08007734   0x00000154   Code   RO         3001    x$fpl$dmul          fz_wm.l(dmul.o)
    0x08007888   0x08007888   0x0000009c   Code   RO         3154    x$fpl$dnaninf       fz_wm.l(dnaninf.o)
    0x08007924   0x08007924   0x0000000c   Code   RO         3156    x$fpl$dretinf       fz_wm.l(dretinf.o)
    0x08007930   0x08007930   0x00000016   Code   RO         2986    x$fpl$drsb          fz_wm.l(daddsub_clz.o)
    0x08007946   0x08007946   0x00000002   PAD
    0x08007948   0x08007948   0x00000198   Code   RO         3158    x$fpl$dsqrt         fz_wm.l(dsqrt_umaal.o)
    0x08007ae0   0x08007ae0   0x000001d4   Code   RO         2987    x$fpl$dsub          fz_wm.l(daddsub_clz.o)
    0x08007cb4   0x08007cb4   0x00000056   Code   RO         3003    x$fpl$f2d           fz_wm.l(f2d.o)
    0x08007d0a   0x08007d0a   0x0000008c   Code   RO         3160    x$fpl$fnaninf       fz_wm.l(fnaninf.o)
    0x08007d96   0x08007d96   0x0000000a   Code   RO         3266    x$fpl$fpinit        fz_wm.l(fpinit.o)
    0x08007da0   0x08007da0   0x0000000a   Code   RO         3162    x$fpl$fretinf       fz_wm.l(fretinf.o)
    0x08007daa   0x08007daa   0x00000000   Code   RO         3164    x$fpl$usenofp       fz_wm.l(usenofp.o)
    0x08007daa   0x08007daa   0x00000100   Data   RO          325    .constdata          os_core.o
    0x08007eaa   0x08007eaa   0x00000002   PAD
    0x08007eac   0x08007eac   0x00000076   Data   RO          514    .constdata          os_dbg_r.o
    0x08007f22   0x08007f22   0x00000011   Data   RO         1968    .constdata          segger_rtt.o
    0x08007f33   0x08007f33   0x0000001a   Data   RO         2260    .constdata          segger_sysview.o
    0x08007f4d   0x08007f4d   0x00000003   PAD
    0x08007f50   0x08007f50   0x00000050   Data   RO         3008    .constdata          m_wm.l(asin.o)
    0x08007fa0   0x08007fa0   0x00000098   Data   RO         3168    .constdata          m_wm.l(atan.o)
    0x08008038   0x08008038   0x00000030   Data   RO         3180    .constdata          m_wm.l(cos_i.o)
    0x08008068   0x08008068   0x00000008   Data   RO         3206    .constdata          m_wm.l(qnan.o)
    0x08008070   0x08008070   0x000000c8   Data   RO         3209    .constdata          m_wm.l(rred.o)
    0x08008138   0x08008138   0x00000028   Data   RO         3213    .constdata          m_wm.l(sin_i.o)
    0x08008160   0x08008160   0x000000a4   Data   RO         2750    .conststring        segger_sysview_ucosii.o
    0x08008204   0x08008204   0x00000020   Data   RO         3351    Region$$Table       anon$$obj.o


    Execution Region RW_IRAM1 (Exec base: 0x20000000, Load base: 0x08008224, Size: 0x000065e0, Max: 0x00018000, ABSOLUTE, COMPRESSED[0x00000060])

    Exec Addr    Load Addr    Size         Type   Attr      Idx    E Section Name        Object

    0x20000000   COMPRESSED   0x00000064   Data   RW          326    .data               os_core.o
    0x20000064   COMPRESSED   0x00000198   Data   RW         1336    .data               mpu6050.o
    0x200001fc   COMPRESSED   0x00000004   Data   RW         1731    .data               pwmin.o
    0x20000200   COMPRESSED   0x00000008   Data   RW         1766    .data               systick.o
    0x20000208   COMPRESSED   0x00000004   Data   RW         1868    .data               main.o
    0x2000020c   COMPRESSED   0x00000015   Data   RW         2261    .data               segger_sysview.o
    0x20000221   COMPRESSED   0x00000003   PAD
    0x20000224   COMPRESSED   0x00000008   Data   RW         2751    .data               segger_sysview_ucosii.o
    0x2000022c        -       0x000013b8   Zero   RW          324    .bss                os_core.o
    0x200015e4        -       0x00000058   Zero   RW         1730    .bss                pwmin.o
    0x2000163c        -       0x00002b00   Zero   RW         1867    .bss                main.o
    0x2000413c        -       0x000010b8   Zero   RW         1967    .bss                segger_rtt.o
    0x200051f4        -       0x0000050b   Zero   RW         2259    .bss                segger_sysview.o
    0x200056ff   COMPRESSED   0x00000001   PAD
    0x20005700        -       0x00000880   Zero   RW         2748    .bss                segger_sysview_ucosii.o
    0x20005f80        -       0x00000060   Zero   RW         3221    .bss                c_w.l(libspace.o)
    0x20005fe0        -       0x00000200   Zero   RW         2870    HEAP                startup_stm32f401xe.o
    0x200061e0        -       0x00000400   Zero   RW         2869    STACK               startup_stm32f401xe.o


==============================================================================

Image component sizes


      Code (inc. data)   RO Data    RW Data    ZI Data      Debug   Object Name

         0          0          0          0          0      10024   app_hooks.o
       636         28          0          0          0       2475   i2c.o
       104         14          0          0          0        871   led.o
       356         50          0          4      11008       4135   main.o
      9482        736          0        408          0      12255   mpu6050.o
      2496        410        256        100       5048      24732   os_core.o
       180         36          0          0          0        336   os_cpu_a.o
       186          4          0          0          0     326202   os_cpu_c.o
       348        230        118          0          0       3437   os_dbg_r.o
       124         14          0          0          0       1230   os_flag.o
        88         14          0          0          0        549   os_mem.o
        80          8          0          0          0        579   os_q.o
       408         26          0          0          0       1846   os_sem.o
      1442        120          0          0          0       7052   os_task.o
       128         20          0          0          0        648   os_time.o
       660        132          0          0          0       3445   os_tmr.o
       212         12          0          0          0        623   pwm.o
       284         36          0          4         88       1309   pwmin.o
       440         40         17          0       4280       7515   segger_rtt.o
      3342        202         26         21       1291      33122   segger_sysview.o
       674         64        164          8       2176       7022   segger_sysview_ucosii.o
        64         26        404          0       1536        872   startup_stm32f401xe.o
       100         18          0          0          0        533   system_stm32f4xx.o
       384         30          0          8          0      32256   systick.o
       368         20          0          0          0       1055   usart.o

    ----------------------------------------------------------------------
     22608       2290       1022        556      25428     484123   Object Totals
         0          0         32          0          0          0   (incl. Generated)
        22          0          5          3          1          0   (incl. Padding)

    ----------------------------------------------------------------------

      Code (inc. data)   RO Data    RW Data    ZI Data      Debug   Library Member Name

        90          0          0          0          0          0   __dczerorl2.o
         8          0          0          0          0         68   __main.o
         0          0          0          0          0          0   __rtentry.o
        12          0          0          0          0          0   __rtentry2.o
         6          0          0          0          0          0   __rtentry4.o
        52          8          0          0          0          0   __scatter.o
        28          0          0          0          0          0   __scatter_zi.o
        22          0          0          0          0        100   _rserrno.o
        10          0          0          0          0         68   defsig_exit.o
        50          0          0          0          0         88   defsig_general.o
        80         58          0          0          0         76   defsig_rtmem_inner.o
        14          0          0          0          0         80   defsig_rtmem_outer.o
        18          0          0          0          0         80   exit.o
        94          0          0          0          0         80   h1_alloc.o
        52          0          0          0          0         68   h1_extend.o
        78          0          0          0          0         80   h1_free.o
        14          0          0          0          0         84   h1_init.o
         6          0          0          0          0        152   heapauxi.o
         4          0          0          0          0        136   hguard.o
         0          0          0          0          0          0   indicate_semi.o
       138          0          0          0          0        168   init_alloc.o
         2          0          0          0          0          0   libinit.o
        14          0          0          0          0          0   libinit2.o
         2          0          0          0          0          0   libshutdown.o
         2          0          0          0          0          0   libshutdown2.o
         8          4          0          0         96         68   libspace.o
         0          0          0          0          0          0   maybetermalloc1.o
         8          4          0          0          0         68   rt_errno_addr_intlibspace.o
         8          4          0          0          0         68   rt_heap_descriptor_intlibspace.o
        78          0          0          0          0         80   rt_memclr_w.o
       138          0          0          0          0         68   rt_memcpy_v6.o
       100          0          0          0          0         80   rt_memcpy_w.o
         2          0          0          0          0          0   rtexit.o
        10          0          0          0          0          0   rtexit2.o
        12          4          0          0          0         68   sys_exit.o
        74          0          0          0          0         80   sys_stackheap_outer.o
        14          0          0          0          0         76   sys_wrch.o
         2          0          0          0          0         68   use_no_semi.o
        24          0          0          0          0        164   basic.o
        98          4          0          0          0        140   d2f.o
       826         16          0          0          0        492   daddsub_clz.o
       688        140          0          0          0        256   ddiv.o
        94          4          0          0          0        140   dfix.o
        84          0          0          0          0        232   dflt_clz.o
       340         12          0          0          0        152   dmul.o
       156          4          0          0          0        140   dnaninf.o
        12          0          0          0          0        116   dretinf.o
       408         56          0          0          0        168   dsqrt_umaal.o
        86          4          0          0          0        132   f2d.o
       140          4          0          0          0        132   fnaninf.o
        10          0          0          0          0        116   fpinit.o
        10          0          0          0          0        116   fretinf.o
         0          0          0          0          0          0   usenofp.o
       864         94         80          0          0        280   asin.o
       744        106        152          0          0        352   atan.o
       496         64          0          0          0        192   atan2.o
       200         20          0          0          0        164   cos.o
       368         46         48          0          0        200   cos_i.o
       104         16          0          0          0        496   dunder.o
        24          0          0          0          0        124   fabs.o
        48          0          0          0          0        124   fpclassify.o
       248          0          0          0          0        152   poly.o
         0          0          8          0          0          0   qnan.o
      1080        142        200          0          0        188   rred.o
       200         20          0          0          0        164   sin.o
       304         24         40          0          0        208   sin_i.o
       232          0          0          0          0        296   sqrt.o

    ----------------------------------------------------------------------
      9158        858        528          0         96       7488   Library Totals
        20          0          0          0          0          0   (incl. Padding)

    ----------------------------------------------------------------------

      Code (inc. data)   RO Data    RW Data    ZI Data      Debug   Library Name

      1250         82          0          0         96       2052   c_w.l
      2976        244          0          0          0       2496   fz_wm.l
      4912        532        528          0          0       2940   m_wm.l

    ----------------------------------------------------------------------
      9158        858        528          0         96       7488   Library Totals

    ----------------------------------------------------------------------

==============================================================================


      Code (inc. data)   RO Data    RW Data    ZI Data      Debug   

     31766       3148       1550        556      25524     475019   Grand Totals
     31766       3148       1550         96      25524     475019   ELF Image Totals (compressed)
     31766       3148       1550         96          0          0   ROM Totals

==============================================================================

    Total RO  Size (Code + RO Data)                33316 (  32.54kB)
    Total RW  Size (RW Data + ZI Data)             26080 (  25.47kB)
    Total ROM Size (Code + RO Data + RW Data)      33412 (  32.63kB)

==============================================================================

